Component: ARM Compiler 5.05 update 1 (build 106) Tool: armlink [4d0efa]

==============================================================================

Section Cross References

    main.o(i.boot) refers to lib_boot_setting.o(i.lib_boot_setting_read) for lib_boot_setting_read
    main.o(i.boot) refers to lib_boot_setting.o(i.lib_boot_setting_crc_check_bootsetting) for lib_boot_setting_crc_check_bootsetting
    main.o(i.boot) refers to lib_boot_setting.o(i.lib_boot_setting_crc_check_application) for lib_boot_setting_crc_check_application
    main.o(i.boot) refers to lib_boot.o(i.lib_boot_goto_image) for lib_boot_goto_image
    main.o(i.boot) refers to lib_boot_setting.o(i.lib_boot_setting_init) for lib_boot_setting_init
    main.o(i.boot) refers to lib_boot_setting.o(i.lib_boot_setting_crc_check_updateAlgorithm) for lib_boot_setting_crc_check_updateAlgorithm
    main.o(i.boot) refers to am_bootloader.o(i.am_bootloader_fast_crc32) for am_bootloader_fast_crc32
    main.o(i.boot) refers to lib_boot_setting.o(i.lib_boot_setting_write) for lib_boot_setting_write
    main.o(i.boot) refers to main.o(.data) for g_screen_state_exception_type
    main.o(i.boot) refers to task_display.o(.data) for ScreenState
    main.o(i.device_init) refers to dev_ble.o(i.dev_ble_init) for dev_ble_init
    main.o(i.device_init) refers to dev_lcd.o(i.dev_lcd_init) for dev_lcd_init
    main.o(i.device_init) refers to drv_rtc.o(i.drv_rtc_init) for drv_rtc_init
    main.o(i.device_init) refers to dev_extflash.o(i.dev_extFlash_exit_deep_sleep) for dev_extFlash_exit_deep_sleep
    main.o(i.main) refers to main.o(i.log_init) for log_init
    main.o(i.main) refers to main.o(i.boot) for boot
    main.o(i.main) refers to main.o(i.reset_handler) for reset_handler
    main.o(i.main) refers to main.o(i.system_init) for system_init
    main.o(i.main) refers to main.o(i.device_init) for device_init
    main.o(i.main) refers to main.o(i.priority_init) for priority_init
    main.o(i.main) refers to main.o(i.system_interrupt) for system_interrupt
    main.o(i.main) refers to task_setup.o(i.task_setup_init) for task_setup_init
    main.o(i.main) refers to lib_error.o(i.error_handler) for error_handler
    main.o(i.priority_init) refers to am_hal_interrupt.o(i.am_hal_interrupt_priority_set) for am_hal_interrupt_priority_set
    main.o(i.reset_handler) refers to dev_bat.o(.bss) for g_bat_evt
    main.o(i.system_init) refers to am_hal_clkgen.o(i.am_hal_clkgen_sysclk_select) for am_hal_clkgen_sysclk_select
    main.o(i.system_init) refers to am_hal_pwrctrl.o(i.am_hal_pwrctrl_bucks_init) for am_hal_pwrctrl_bucks_init
    main.o(i.system_init) refers to am_hal_pwrctrl.o(i.am_hal_pwrctrl_bucks_enable) for am_hal_pwrctrl_bucks_enable
    main.o(i.system_init) refers to am_hal_pwrctrl.o(i.am_hal_pwrctrl_memory_enable) for am_hal_pwrctrl_memory_enable
    main.o(i.system_init) refers to am_hal_rtc.o(i.am_hal_rtc_osc_select) for am_hal_rtc_osc_select
    main.o(i.system_init) refers to am_hal_clkgen.o(i.am_hal_clkgen_osc_start) for am_hal_clkgen_osc_start
    main.o(i.system_init) refers to am_hal_rtc.o(i.am_hal_rtc_osc_enable) for am_hal_rtc_osc_enable
    main.o(i.system_interrupt) refers to am_hal_interrupt.o(i.am_hal_interrupt_enable) for am_hal_interrupt_enable
    main.o(i.system_interrupt) refers to am_hal_interrupt.o(.emb_text) for am_hal_interrupt_master_enable
    gui_boot.o(i.gui_boot_btn_evt) refers to queue.o(i.xQueueGenericSend) for xQueueGenericSend
    gui_boot.o(i.gui_boot_btn_evt) refers to task_display.o(.data) for ScreenState
    gui_boot.o(i.gui_boot_paint) refers to drv_lcd.o(i.LCD_SetBackgroundColor) for LCD_SetBackgroundColor
    gui_boot.o(i.gui_boot_paint) refers to drv_lcd.o(i.LCD_SetString) for LCD_SetString
    gui_boot.o(i.gui_boot_paint) refers to gui_boot.o(i.progress_display) for progress_display
    gui_boot.o(i.gui_boot_paint) refers to gui_boot.o(.data) for progress
    gui_boot.o(i.gui_boot_task_display) refers to queue.o(i.xQueueGenericSend) for xQueueGenericSend
    gui_boot.o(i.gui_boot_task_display) refers to task_display.o(.data) for ScreenState
    gui_boot.o(i.progress_display) refers to drv_lcd.o(i.LCD_SetArc) for LCD_SetArc
    gui_post_watch_info.o(i.gui_post_watch_info_btn_evt) refers to queue.o(i.xQueueGenericSend) for xQueueGenericSend
    gui_post_watch_info.o(i.gui_post_watch_info_btn_evt) refers to task_display.o(.data) for ScreenState
    gui_post_watch_info.o(i.gui_post_watch_info_paint) refers to _printf_pad.o(.text) for _printf_pre_padding
    gui_post_watch_info.o(i.gui_post_watch_info_paint) refers to _printf_percent.o(.ARM.Collect$$_printf_percent$$00000000) for _printf_percent
    gui_post_watch_info.o(i.gui_post_watch_info_paint) refers to _printf_d.o(.ARM.Collect$$_printf_percent$$00000009) for _printf_d
    gui_post_watch_info.o(i.gui_post_watch_info_paint) refers to _printf_dec.o(.text) for _printf_int_dec
[...]
    am_hal_iom_spi_write_nb                  0x00003f5d   Thumb Code   358  am_hal_iom.o(i.am_hal_iom_spi_write_nb)
    am_hal_iom_spi_write_nq                  0x000040d1   Thumb Code   312  am_hal_iom.o(i.am_hal_iom_spi_write_nq)
    am_hal_iom_workaround_word_write         0x0000420d   Thumb Code   596  am_hal_iom.o(i.am_hal_iom_workaround_word_write)
    am_hal_mcuctrl_fault_status              0x00004491   Thumb Code    56  am_hal_mcuctrl.o(i.am_hal_mcuctrl_fault_status)
    am_hal_pwrctrl_bucks_disable             0x000044d1   Thumb Code   216  am_hal_pwrctrl.o(i.am_hal_pwrctrl_bucks_disable)
    am_hal_pwrctrl_bucks_enable              0x000045b5   Thumb Code   152  am_hal_pwrctrl.o(i.am_hal_pwrctrl_bucks_enable)
    am_hal_pwrctrl_bucks_init                0x00004659   Thumb Code    28  am_hal_pwrctrl.o(i.am_hal_pwrctrl_bucks_init)
    am_hal_pwrctrl_memory_enable             0x00004679   Thumb Code   368  am_hal_pwrctrl.o(i.am_hal_pwrctrl_memory_enable)
    am_hal_pwrctrl_periph_disable            0x000047f5   Thumb Code    36  am_hal_pwrctrl.o(i.am_hal_pwrctrl_periph_disable)
    am_hal_pwrctrl_periph_enable             0x0000481d   Thumb Code   104  am_hal_pwrctrl.o(i.am_hal_pwrctrl_periph_enable)
    am_hal_queue_init                        0x00004889   Thumb Code    18  am_hal_queue.o(i.am_hal_queue_init)
    am_hal_queue_item_add                    0x0000489b   Thumb Code   102  am_hal_queue.o(i.am_hal_queue_item_add)
    am_hal_queue_item_get                    0x00004901   Thumb Code    98  am_hal_queue.o(i.am_hal_queue_item_get)
    am_hal_reset_por                         0x00004963   Thumb Code     8  am_hal_reset.o(i.am_hal_reset_por)
    am_hal_rtc_osc_enable                    0x0000496b   Thumb Code    18  am_hal_rtc.o(i.am_hal_rtc_osc_enable)
    am_hal_rtc_osc_select                    0x0000497d   Thumb Code    38  am_hal_rtc.o(i.am_hal_rtc_osc_select)
    am_hal_rtc_time_get                      0x000049a3   Thumb Code   138  am_hal_rtc.o(i.am_hal_rtc_time_get)
    am_hal_rtc_time_set                      0x00004a2d   Thumb Code   180  am_hal_rtc.o(i.am_hal_rtc_time_set)
    am_hal_stimer_compare_delta_set          0x00004ae1   Thumb Code    20  am_hal_stimer.o(i.am_hal_stimer_compare_delta_set)
    am_hal_stimer_config                     0x00004af9   Thumb Code    64  am_hal_stimer.o(i.am_hal_stimer_config)
    am_hal_stimer_counter_get                0x00004b45   Thumb Code     6  am_hal_stimer.o(i.am_hal_stimer_counter_get)
    am_hal_stimer_int_clear                  0x00004b51   Thumb Code     6  am_hal_stimer.o(i.am_hal_stimer_int_clear)
    am_hal_stimer_int_enable                 0x00004b5d   Thumb Code    14  am_hal_stimer.o(i.am_hal_stimer_int_enable)
    am_hal_sysctrl_sleep                     0x00004b75   Thumb Code   112  am_hal_sysctrl.o(i.am_hal_sysctrl_sleep)
    am_hal_uart_char_receive_buffered        0x00004bf1   Thumb Code    62  am_hal_uart.o(i.am_hal_uart_char_receive_buffered)
    am_hal_uart_char_transmit_buffered       0x00004c35   Thumb Code    70  am_hal_uart.o(i.am_hal_uart_char_transmit_buffered)
    am_hal_uart_clock_disable                0x00004c85   Thumb Code    38  am_hal_uart.o(i.am_hal_uart_clock_disable)
    am_hal_uart_clock_enable                 0x00004cb1   Thumb Code    60  am_hal_uart.o(i.am_hal_uart_clock_enable)
    am_hal_uart_config                       0x00004cf1   Thumb Code   116  am_hal_uart.o(i.am_hal_uart_config)
    am_hal_uart_disable                      0x00004d69   Thumb Code    44  am_hal_uart.o(i.am_hal_uart_disable)
    am_hal_uart_enable                       0x00004d99   Thumb Code    44  am_hal_uart.o(i.am_hal_uart_enable)
    am_hal_uart_fifo_config                  0x00004dc9   Thumb Code    38  am_hal_uart.o(i.am_hal_uart_fifo_config)
    am_hal_uart_flags_get                    0x00004df5   Thumb Code    14  am_hal_uart.o(i.am_hal_uart_flags_get)
    am_hal_uart_get_status_buffered          0x00004e09   Thumb Code    36  am_hal_uart.o(i.am_hal_uart_get_status_buffered)
    am_hal_uart_init_buffered                0x00004e35   Thumb Code    84  am_hal_uart.o(i.am_hal_uart_init_buffered)
    am_hal_uart_int_clear                    0x00004e95   Thumb Code    12  am_hal_uart.o(i.am_hal_uart_int_clear)
    am_hal_uart_int_disable                  0x00004ea5   Thumb Code    26  am_hal_uart.o(i.am_hal_uart_int_disable)
    am_hal_uart_int_enable                   0x00004ec5   Thumb Code    26  am_hal_uart.o(i.am_hal_uart_int_enable)
    am_hal_uart_int_status_get               0x00004ee5   Thumb Code    28  am_hal_uart.o(i.am_hal_uart_int_status_get)
    am_hal_uart_pwrctrl_disable              0x00004f05   Thumb Code    16  am_hal_uart.o(i.am_hal_uart_pwrctrl_disable)
    am_hal_uart_pwrctrl_enable               0x00004f15   Thumb Code    16  am_hal_uart.o(i.am_hal_uart_pwrctrl_enable)
    am_hal_uart_service_buffered_timeout_save 0x00004f25   Thumb Code   252  am_hal_uart.o(i.am_hal_uart_service_buffered_timeout_save)
    am_stimer_cmpr0_isr                      0x0000502d   Thumb Code    14  port.o(i.am_stimer_cmpr0_isr)
    am_systick_isr                           0x0000503d   Thumb Code    46  port.o(i.am_systick_isr)
    am_uart1_isr                             0x00005071   Thumb Code   236  drv_ble.o(i.am_uart1_isr)
    am_uart_isr                              0x00005169   Thumb Code    98  com_apollo2.o(i.am_uart_isr)
    am_util_delay_ms                         0x000051d5   Thumb Code    28  am_util_delay.o(i.am_util_delay_ms)
    am_util_delay_us                         0x000051f1   Thumb Code    26  am_util_delay.o(i.am_util_delay_us)
    am_util_faultisr_collect_data            0x00005211   Thumb Code   178  am_util_faultisr.o(i.am_util_faultisr_collect_data)
    am_util_string_strnicmp                  0x000052c9   Thumb Code    78  am_util_string.o(i.am_util_string_strnicmp)
    am_util_time_computeDayofWeek            0x0000531d   Thumb Code   210  am_util_time.o(i.am_util_time_computeDayofWeek)
    com_apollo2_gpio_int_init                0x00005e25   Thumb Code   298  com_apollo2.o(i.com_apollo2_gpio_int_init)
    dev_bat_adc_enable                       0x000060cd   Thumb Code   278  dev_bat.o(i.dev_bat_adc_enable)
    dev_bat_init                             0x000061ed   Thumb Code   306  dev_bat.o(i.dev_bat_init)
    dev_ble_init                             0x00006331   Thumb Code    84  dev_ble.o(i.dev_ble_init)
    dev_dfu_ble_start                        0x00006389   Thumb Code   142  dev_dfu_ble.o(i.dev_dfu_ble_start)
    dev_dfu_event_handle                     0x00006449   Thumb Code  1022  dev_dfu.o(i.dev_dfu_event_handle)
    dev_extFlash_disable                     0x00006a21   Thumb Code     8  dev_extflash.o(i.dev_extFlash_disable)
    dev_extFlash_enable                      0x00006a29   Thumb Code     8  dev_extflash.o(i.dev_extFlash_enable)
    dev_extFlash_erase                       0x00006a31   Thumb Code   158  dev_extflash.o(i.dev_extFlash_erase)
    dev_extFlash_exit_deep_sleep             0x00006acf   Thumb Code    16  dev_extflash.o(i.dev_extFlash_exit_deep_sleep)
    dev_extFlash_read                        0x00006adf   Thumb Code    20  dev_extflash.o(i.dev_extFlash_read)
    dev_extFlash_write                       0x00006af3   Thumb Code    20  dev_extflash.o(i.dev_extFlash_write)
    dev_lcd_init                             0x00006b07   Thumb Code    30  dev_lcd.o(i.dev_lcd_init)
    drv_ble_init                             0x00006f5d   Thumb Code   104  drv_ble.o(i.drv_ble_init)
    drv_ble_on_cts_high                      0x00006fd1   Thumb Code    48  drv_ble.o(i.drv_ble_on_cts_high)
    drv_ble_on_cts_low                       0x00007009   Thumb Code    46  drv_ble.o(i.drv_ble_on_cts_low)
    drv_ble_send_data                        0x00007041   Thumb Code    80  drv_ble.o(i.drv_ble_send_data)
    drv_ble_uart_close                       0x000070a1   Thumb Code    22  drv_ble.o(i.drv_ble_uart_close)
    drv_ble_uart_put                         0x000070c1   Thumb Code    36  drv_ble.o(i.drv_ble_uart_put)
    drv_button_init                          0x000070ed   Thumb Code   100  drv_button.o(i.drv_button_init)
    drv_extFlash_32K_erase                   0x00007169   Thumb Code   100  drv_extflash.o(i.drv_extFlash_32K_erase)
    drv_extFlash_64K_erase                   0x000071cd   Thumb Code   100  drv_extflash.o(i.drv_extFlash_64K_erase)
    drv_extFlash_disable                     0x00007231   Thumb Code   274  drv_extflash.o(i.drv_extFlash_disable)
    drv_extFlash_enable                      0x0000734d   Thumb Code   290  drv_extflash.o(i.drv_extFlash_enable)
    drv_extFlash_page_write                  0x0000747d   Thumb Code   162  drv_extflash.o(i.drv_extFlash_page_write)
    drv_extFlash_pwr_up                      0x0000751f   Thumb Code    28  drv_extflash.o(i.drv_extFlash_pwr_up)
    drv_extFlash_read                        0x0000753b   Thumb Code   128  drv_extflash.o(i.drv_extFlash_read)
    drv_extFlash_sector_erase                0x000075bb   Thumb Code   100  drv_extflash.o(i.drv_extFlash_sector_erase)
    drv_intFlash_erase_page                  0x00007621   Thumb Code    54  drv_intflash.o(i.drv_intFlash_erase_page)
    drv_intFlash_write_page                  0x00007691   Thumb Code    62  drv_intflash.o(i.drv_intFlash_write_page)
    drv_pc_init                              0x00007709   Thumb Code    20  drv_pc.o(i.drv_pc_init)
    drv_pc_send_data                         0x00007725   Thumb Code    54  drv_pc.o(i.drv_pc_send_data)
    drv_pc_uninit                            0x00007761   Thumb Code     8  drv_pc.o(i.drv_pc_uninit)
    drv_rtc_init                             0x00007769   Thumb Code   158  drv_rtc.o(i.drv_rtc_init)
    drv_rtc_time_debug                       0x00007825   Thumb Code    10  drv_rtc.o(i.drv_rtc_time_debug)
    eTaskConfirmSleepModeStatus              0x00007835   Thumb Code    42  tasks.o(i.eTaskConfirmSleepModeStatus)
    error_handler                            0x0000787f   Thumb Code    26  lib_error.o(i.error_handler)
    fabs                                     0x000078ad   Thumb Code    24  fabs.o(i.fabs)
    get_circle_point                         0x000078c5   Thumb Code   282  drv_lcd.o(i.get_circle_point)
    gui_back_door_btn_evt                    0x000079e9   Thumb Code   100  gui_back_door.o(i.gui_back_door_btn_evt)
    gui_back_door_paint                      0x00007a59   Thumb Code    80  gui_back_door.o(i.gui_back_door_paint)
    gui_back_door_task_display               0x00007ab5   Thumb Code    38  gui_back_door.o(i.gui_back_door_task_display)
    gui_boot_btn_evt                         0x00007ae5   Thumb Code    44  gui_boot.o(i.gui_boot_btn_evt)
    gui_boot_paint                           0x00007b19   Thumb Code   124  gui_boot.o(i.gui_boot_paint)
    gui_boot_task_display                    0x00007bb1   Thumb Code    38  gui_boot.o(i.gui_boot_task_display)
    gui_exception_btn_evt                    0x00007be1   Thumb Code    44  gui_exception.o(i.gui_exception_btn_evt)
    gui_exception_paint                      0x00007c15   Thumb Code   196  gui_exception.o(i.gui_exception_paint)
    gui_exception_task_display               0x00007d51   Thumb Code    38  gui_exception.o(i.gui_exception_task_display)
    gui_post_watch_info_btn_evt              0x00007d81   Thumb Code    44  gui_post_watch_info.o(i.gui_post_watch_info_btn_evt)
    gui_post_watch_info_paint                0x00007db5   Thumb Code   580  gui_post_watch_info.o(i.gui_post_watch_info_paint)
    isRevB0                                  0x000084d9   Thumb Code    18  am_hal_iom.o(i.isRevB0)
    lib_boot_goto_image                      0x00008509   Thumb Code    32  lib_boot.o(i.lib_boot_goto_image)
    lib_boot_jump_to_bootloader              0x0000852d   Thumb Code    62  lib_boot.o(i.lib_boot_jump_to_bootloader)
    lib_boot_jump_to_update_algorithm        0x0000856b   Thumb Code    62  lib_boot.o(i.lib_boot_jump_to_update_algorithm)
    lib_boot_setting_crc_check_application   0x000085a9   Thumb Code    28  lib_boot_setting.o(i.lib_boot_setting_crc_check_application)
    lib_boot_setting_crc_check_bootloader    0x000085c5   Thumb Code    28  lib_boot_setting.o(i.lib_boot_setting_crc_check_bootloader)
    lib_boot_setting_crc_check_bootsetting   0x000085e1   Thumb Code    30  lib_boot_setting.o(i.lib_boot_setting_crc_check_bootsetting)
    lib_boot_setting_crc_check_updateAlgorithm 0x000085ff   Thumb Code    28  lib_boot_setting.o(i.lib_boot_setting_crc_check_updateAlgorithm)
    lib_boot_setting_init                    0x0000861b   Thumb Code    88  lib_boot_setting.o(i.lib_boot_setting_init)
    lib_boot_setting_read                    0x00008675   Thumb Code    16  lib_boot_setting.o(i.lib_boot_setting_read)
    lib_boot_setting_write                   0x00008689   Thumb Code    26  lib_boot_setting.o(i.lib_boot_setting_write)
    main                                     0x000086a5   Thumb Code    52  main.o(i.main)
    pvPortMalloc                             0x0000937d   Thumb Code   176  heap_2.o(i.pvPortMalloc)
    pxPortInitialiseStack                    0x0000943d   Thumb Code    38  port.o(i.pxPortInitialiseStack)
    sqrt                                     0x0000951b   Thumb Code   110  sqrt.o(i.sqrt)
    task_ble_init                            0x00009ab9   Thumb Code   108  task_ble.o(i.task_ble_init)
    task_button_init                         0x00009b69   Thumb Code    78  task_button.o(i.task_button_init)
    task_charge_init                         0x00009d11   Thumb Code   136  task_charge.o(i.task_charge_init)
    task_display_init                        0x00009de5   Thumb Code    46  task_display.o(i.task_display_init)
    task_pc_init                             0x00009e31   Thumb Code    94  task_pc.o(i.task_pc_init)
    task_setup_init                          0x00009ed1   Thumb Code    48  task_setup.o(i.task_setup_init)
    timer_exception_init                     0x00009f61   Thumb Code     2  timer_exception.o(i.timer_exception_init)
    timer_exception_start                    0x00009f63   Thumb Code     2  timer_exception.o(i.timer_exception_start)
    timer_exception_stop                     0x00009f65   Thumb Code     2  timer_exception.o(i.timer_exception_stop)
    uart0_handler_register                   0x0000a049   Thumb Code     6  com_apollo2.o(i.uart0_handler_register)
    uxListRemove                             0x0000a369   Thumb Code    40  list.o(i.uxListRemove)
    uxTaskResetEventItemValue                0x0000a391   Thumb Code    24  tasks.o(i.uxTaskResetEventItemValue)
    vApplicationMallocFailedHook             0x0000a3ad   Thumb Code    18  task_rtos.o(i.vApplicationMallocFailedHook)
    vApplicationStackOverflowHook            0x0000a3ed   Thumb Code    20  task_rtos.o(i.vApplicationStackOverflowHook)
    vEventGroupSetBitsCallback               0x0000a42d   Thumb Code    16  event_groups.o(i.vEventGroupSetBitsCallback)
    vListInitialise                          0x0000a43d   Thumb Code    26  list.o(i.vListInitialise)
    vListInitialiseItem                      0x0000a457   Thumb Code     6  list.o(i.vListInitialiseItem)
    vListInsert                              0x0000a45d   Thumb Code    52  list.o(i.vListInsert)
    vListInsertEnd                           0x0000a491   Thumb Code    24  list.o(i.vListInsertEnd)
    vPortEnterCritical                       0x0000a4a9   Thumb Code    58  port.o(i.vPortEnterCritical)
    vPortExitCritical                        0x0000a4ed   Thumb Code    38  port.o(i.vPortExitCritical)
    vPortFree                                0x0000a519   Thumb Code    56  heap_2.o(i.vPortFree)
    vPortSetupTimerInterrupt                 0x0000a559   Thumb Code    82  port.o(i.vPortSetupTimerInterrupt)
    vPortSuppressTicksAndSleep               0x0000a5b9   Thumb Code   180  port.o(i.vPortSuppressTicksAndSleep)
    vPortValidateInterruptPriority           0x0000a675   Thumb Code    70  port.o(i.vPortValidateInterruptPriority)
    vQueueWaitForMessageRestricted           0x0000a6c9   Thumb Code    74  queue.o(i.vQueueWaitForMessageRestricted)
    vTaskDelay                               0x0000a715   Thumb Code    64  tasks.o(i.vTaskDelay)
    vTaskMissedYield                         0x0000a75d   Thumb Code     8  tasks.o(i.vTaskMissedYield)
    vTaskPlaceOnEventList                    0x0000a769   Thumb Code    34  tasks.o(i.vTaskPlaceOnEventList)
    vTaskPlaceOnEventListRestricted          0x0000a791   Thumb Code    42  tasks.o(i.vTaskPlaceOnEventListRestricted)
    vTaskPlaceOnUnorderedEventList           0x0000a7c1   Thumb Code    64  tasks.o(i.vTaskPlaceOnUnorderedEventList)
    vTaskSetTimeOutState                     0x0000a809   Thumb Code    20  tasks.o(i.vTaskSetTimeOutState)
    vTaskStartScheduler                      0x0000a825   Thumb Code   102  tasks.o(i.vTaskStartScheduler)
    vTaskStepTick                            0x0000a8a9   Thumb Code    38  tasks.o(i.vTaskStepTick)
    vTaskSuspend                             0x0000a8d9   Thumb Code   144  tasks.o(i.vTaskSuspend)
    vTaskSuspendAll                          0x0000a981   Thumb Code    12  tasks.o(i.vTaskSuspendAll)
    vTaskSwitchContext                       0x0000a991   Thumb Code   160  tasks.o(i.vTaskSwitchContext)
    xEventGroupCreate                        0x0000ab05   Thumb Code    26  event_groups.o(i.xEventGroupCreate)
    xEventGroupSetBits                       0x0000ab1f   Thumb Code   170  event_groups.o(i.xEventGroupSetBits)
    xEventGroupWaitBits                      0x0000abc9   Thumb Code   262  event_groups.o(i.xEventGroupWaitBits)
    xPortStartScheduler                      0x0000acd5   Thumb Code   234  port.o(i.xPortStartScheduler)
    xPortStimerTickHandler                   0x0000addd   Thumb Code    74  port.o(i.xPortStimerTickHandler)
    xQueueGenericCreate                      0x0000ae31   Thumb Code    70  queue.o(i.xQueueGenericCreate)
    xQueueGenericReceive                     0x0000ae79   Thumb Code   362  queue.o(i.xQueueGenericReceive)
    xQueueGenericReset                       0x0000afe9   Thumb Code   128  queue.o(i.xQueueGenericReset)
    xQueueGenericSend                        0x0000b06d   Thumb Code   348  queue.o(i.xQueueGenericSend)
    xQueueGenericSendFromISR                 0x0000b1cd   Thumb Code   194  queue.o(i.xQueueGenericSendFromISR)
    xTaskCheckForTimeOut                     0x0000b291   Thumb Code    96  tasks.o(i.xTaskCheckForTimeOut)
    xTaskCreate                              0x0000b2f9   Thumb Code    96  tasks.o(i.xTaskCreate)
    xTaskGetSchedulerState                   0x0000b359   Thumb Code    24  tasks.o(i.xTaskGetSchedulerState)
    xTaskGetTickCount                        0x0000b379   Thumb Code     6  tasks.o(i.xTaskGetTickCount)
    xTaskIncrementTick                       0x0000b385   Thumb Code   236  tasks.o(i.xTaskIncrementTick)
    xTaskRemoveFromEventList                 0x0000b49d   Thumb Code   112  tasks.o(i.xTaskRemoveFromEventList)
    xTaskRemoveFromUnorderedEventList        0x0000b525   Thumb Code   116  tasks.o(i.xTaskRemoveFromUnorderedEventList)
    xTaskResumeAll                           0x0000b5ad   Thumb Code   204  tasks.o(i.xTaskResumeAll)
    xTimerCreateTimerTask                    0x0000b69d   Thumb Code    48  timers.o(i.xTimerCreateTimerTask)
    xTimerGenericCommand                     0x0000b6e1   Thumb Code   110  timers.o(i.xTimerGenericCommand)
    xTimerPendFunctionCallFromISR            0x0000b755   Thumb Code    48  timers.o(i.xTimerPendFunctionCallFromISR)
    __aeabi_dneg                             0x0000b789   Thumb Code     0  basic.o(x$fpl$basic)
    _dneg                                    0x0000b789   Thumb Code     6  basic.o(x$fpl$basic)
    __aeabi_fneg                             0x0000b78f   Thumb Code     0  basic.o(x$fpl$basic)
    _fneg                                    0x0000b78f   Thumb Code     6  basic.o(x$fpl$basic)
    _dabs                                    0x0000b795   Thumb Code     6  basic.o(x$fpl$basic)
    _fabs                                    0x0000b79b   Thumb Code     6  basic.o(x$fpl$basic)
    __aeabi_d2f                              0x0000b7a1   Thumb Code     0  d2f.o(x$fpl$d2f)
    _d2f                                     0x0000b7a1   Thumb Code    98  d2f.o(x$fpl$d2f)
    __aeabi_dadd                             0x0000b805   Thumb Code     0  daddsub_clz.o(x$fpl$dadd)
    _dadd                                    0x0000b805   Thumb Code   332  daddsub_clz.o(x$fpl$dadd)
    __fpl_dcheck_NaN1                        0x0000b955   Thumb Code    10  dcheck1.o(x$fpl$dcheck1)
    __fpl_dcmp_Inf                           0x0000b965   Thumb Code    24  dcmpi.o(x$fpl$dcmpinf)
    __aeabi_ddiv                             0x0000b97d   Thumb Code     0  ddiv.o(x$fpl$ddiv)
    _ddiv                                    0x0000b97d   Thumb Code   552  ddiv.o(x$fpl$ddiv)
    __aeabi_d2iz                             0x0000bc2d   Thumb Code     0  dfix.o(x$fpl$dfix)
    _dfix                                    0x0000bc2d   Thumb Code    94  dfix.o(x$fpl$dfix)
    __aeabi_d2uiz                            0x0000bc8d   Thumb Code     0  dfixu.o(x$fpl$dfixu)
    _dfixu                                   0x0000bc8d   Thumb Code    90  dfixu.o(x$fpl$dfixu)
    __aeabi_i2d                              0x0000bce7   Thumb Code     0  dflt_clz.o(x$fpl$dflt)
    _dflt                                    0x0000bce7   Thumb Code    46  dflt_clz.o(x$fpl$dflt)
    __aeabi_ui2d                             0x0000bd15   Thumb Code     0  dflt_clz.o(x$fpl$dfltu)
    _dfltu                                   0x0000bd15   Thumb Code    38  dflt_clz.o(x$fpl$dfltu)
    __aeabi_cdcmple                          0x0000bd3d   Thumb Code     0  dleqf.o(x$fpl$dleqf)
    _dcmple                                  0x0000bd3d   Thumb Code   120  dleqf.o(x$fpl$dleqf)
    __fpl_dcmple_InfNaN                      0x0000bd9f   Thumb Code     0  dleqf.o(x$fpl$dleqf)
    __aeabi_dmul                             0x0000bdb5   Thumb Code     0  dmul.o(x$fpl$dmul)
    _dmul                                    0x0000bdb5   Thumb Code   332  dmul.o(x$fpl$dmul)
    __fpl_dnaninf                            0x0000bf09   Thumb Code   156  dnaninf.o(x$fpl$dnaninf)
    __fpl_dretinf                            0x0000bfa5   Thumb Code    12  dretinf.o(x$fpl$dretinf)
    __aeabi_cdrcmple                         0x0000bfb1   Thumb Code     0  drleqf.o(x$fpl$drleqf)
    _drcmple                                 0x0000bfb1   Thumb Code   108  drleqf.o(x$fpl$drleqf)
    __aeabi_drsub                            0x0000c01d   Thumb Code     0  daddsub_clz.o(x$fpl$drsb)
    _drsb                                    0x0000c01d   Thumb Code    22  daddsub_clz.o(x$fpl$drsb)
    _dsqrt                                   0x0000c035   Thumb Code   404  dsqrt_umaal.o(x$fpl$dsqrt)
    __aeabi_dsub                             0x0000c1cd   Thumb Code     0  daddsub_clz.o(x$fpl$dsub)
    _dsub                                    0x0000c1cd   Thumb Code   464  daddsub_clz.o(x$fpl$dsub)
    __aeabi_f2d                              0x0000c3a1   Thumb Code     0  f2d.o(x$fpl$f2d)
    _f2d                                     0x0000c3a1   Thumb Code    86  f2d.o(x$fpl$f2d)
    __fpl_fnaninf                            0x0000c3f7   Thumb Code   140  fnaninf.o(x$fpl$fnaninf)
    _fp_init                                 0x0000c483   Thumb Code    10  fpinit.o(x$fpl$fpinit)
    __fplib_config_fpu_vfp                   0x0000c48b   Thumb Code     0  fpinit.o(x$fpl$fpinit)
    __fplib_config_pureend_doubles           0x0000c48b   Thumb Code     0  fpinit.o(x$fpl$fpinit)
    __fpl_fretinf                            0x0000c48d   Thumb Code    10  fretinf.o(x$fpl$fretinf)
    __fpl_return_NaN                         0x0000c497   Thumb Code   100  retnan.o(x$fpl$retnan)
    __ARM_scalbn                             0x0000c4fb   Thumb Code    92  scalbn.o(x$fpl$scalbn)
    __fpl_cmpreturn                          0x0000c557   Thumb Code    48  trapv.o(x$fpl$trapveneer)
    __I$use$fp                               0x0000c586   Number         0  usenofp.o(x$fpl$usenofp)
    g_IOMPads                                0x0000c618   Data          39  am_hal_iom.o(.constdata)
    am_cattr                                 0x0000c63f   Data         256  am_util_string.o(.constdata)
    Font_Char_16_pxdata                      0x0000cb40   Data        1520  font_char.o(.constdata)
    Font_Char_16                             0x0000d130   Data          12  font_char.o(.constdata)
    Font_CN_16_Index                         0x0000d13c   Data          18  font_chinese.o(.constdata)
    Font_CN_16_pxdata                        0x0000d14e   Data         288  font_chinese.o(.constdata)
    Font_CN_16                               0x0000d270   Data          16  font_chinese.o(.constdata)
    __mathlib_zero                           0x0000d350   Data           8  qnan.o(.constdata)
    Region$$Table$$Base                      0x0000d514   Number         0  anon$$obj.o(Region$$Table)
    Region$$Table$$Limit                     0x0000d534   Number         0  anon$$obj.o(Region$$Table)
    m_boot_setting_buffer                    0x000fa000   Data        8192  lib_boot_setting.o(.ARM.__AT_0x000FA000)
    g_is_ble_dfu                             0x10000000   Data           1  main.o(.data)
    g_screen_state_exception_type            0x10000001   Data           1  main.o(.data)
    g_bluetooth_status                       0x10000038   Data           2  task_ble.o(.data)
    DisplayQueue                             0x10000048   Data           4  task_display.o(.data)
    ScreenState                              0x1000004c   Data           1  task_display.o(.data)
    ScreenStateSave                          0x1000004d   Data           1  task_display.o(.data)
    g_dev_dfu_progress                       0x10000058   Data           2  dev_dfu.o(.data)
    pcWeekday                                0x10000084   Data          32  drv_rtc.o(.data)
    pcMonth                                  0x100000a4   Data          52  drv_rtc.o(.data)
    pxCurrentTCB                             0x100000e0   Data           4  tasks.o(.data)
    ulTimerCountsForOneTick                  0x1000013c   Data           4  port.o(.data)
    g_am_hal_flash                           0x1000015c   Data          80  am_hal_flash.o(.data)
    g_iom_error_status                       0x100001ac   Data           4  am_hal_iom.o(.data)
    g_bIomBusy                               0x100001b0   Data           6  am_hal_iom.o(.data)
    am_hal_iom_queue_flush                   0x100001b8   Data           4  am_hal_iom.o(.data)
    g_ui32HALflags                           0x100001bc   Data           4  am_hal_global.o(.data)
    g_ble_passkey                            0x100001c0   Data          12  task_ble.o(.bss)
    g_ble_info                               0x10003a90   Data          52  dev_ble.o(.bss)
    g_bat_evt                                0x10003ad8   Data          12  dev_bat.o(.bss)
    g_rtc_time                               0x10006358   Data          44  drv_rtc.o(.bss)
    am_hal_ctimer_ppfnHandlers               0x1001d2cc   Data          64  am_hal_ctimer.o(.bss)
    am_hal_gpio_ppfnHandlers                 0x1001d30c   Data         256  am_hal_gpio.o(.bss)
    g_psIOMBuffers                           0x1001d40c   Data         120  am_hal_iom.o(.bss)
    g_psIOMQueue                             0x1001d484   Data         144  am_hal_iom.o(.bss)
    am_hal_iom_pwrsave                       0x1001d514   Data         120  am_hal_iom.o(.bss)
    g_psTxQueue                              0x1001d58c   Data          48  am_hal_uart.o(.bss)
    g_psRxQueue                              0x1001d5bc   Data          48  am_hal_uart.o(.bss)
    am_hal_uart_pwrsave                      0x1001d5ec   Data          72  am_hal_uart.o(.bss)
    __libspace_start                         0x1001d634   Data          96  libspace.o(.bss)
    __temporary_stack_top$libspace           0x1001d694   Data           0  libspace.o(.bss)



==============================================================================

Memory Map of the image

  Image Entry point : 0x000000e9

  Load Region LR_IROM1 (Base: 0x00000000, Size: 0x0000d6f4, Max: 0x00010000, ABSOLUTE, COMPRESSED[0x0000d5c8])

    Execution Region ER_IROM1 (Base: 0x00000000, Size: 0x0000d534, Max: 0x00010000, ABSOLUTE)

    Base Addr    Size         Type   Attr      Idx    E Section Name        Object

    0x00000000   0x000000e8   Code   RO         2933    RESET               startup_keil.o
    0x000000e8   0x00000008   Code   RO         5086  * !!!main             c_w.l(__main.o)
    0x000000f0   0x00000034   Code   RO         5560    !!!scatter          c_w.l(__scatter.o)
    0x00000124   0x0000003a   Code   RO         5558    !!dczerorl          c_w.l(__dczerorl.o)
    0x0000015e   0x00000002   PAD
    0x00000160   0x0000001c   Code   RO         5562    !!handler_zi        c_w.l(__scatter_zi.o)
    0x0000017c   0x00000000   Code   RO         5053    .ARM.Collect$$_printf_percent$$00000000  c_w.l(_printf_percent.o)
    0x0000017c   0x00000006   Code   RO         5052    .ARM.Collect$$_printf_percent$$00000009  c_w.l(_printf_d.o)
    0x00000182   0x00000004   Code   RO         5174    .ARM.Collect$$_printf_percent$$00000017  c_w.l(_printf_percent_end.o)
    0x00000186   0x00000002   Code   RO         5488    .ARM.Collect$$libinit$$00000000  c_w.l(libinit.o)
    0x00000188   0x00000004   Code   RO         5370    .ARM.Collect$$libinit$$00000001  c_w.l(libinit2.o)
    0x0000018c   0x00000000   Code   RO         5373    .ARM.Collect$$libinit$$00000004  c_w.l(libinit2.o)
    0x0000018c   0x00000000   Code   RO         5376    .ARM.Collect$$libinit$$0000000A  c_w.l(libinit2.o)
    0x0000018c   0x00000000   Code   RO         5378    .ARM.Collect$$libinit$$0000000C  c_w.l(libinit2.o)
    0x0000018c   0x00000000   Code   RO         5380    .ARM.Collect$$libinit$$0000000E  c_w.l(libinit2.o)
    0x0000018c   0x00000000   Code   RO         5383    .ARM.Collect$$libinit$$00000011  c_w.l(libinit2.o)
    0x0000018c   0x00000000   Code   RO         5385    .ARM.Collect$$libinit$$00000013  c_w.l(libinit2.o)
    0x0000018c   0x00000000   Code   RO         5387    .ARM.Collect$$libinit$$00000015  c_w.l(libinit2.o)
    0x0000018c   0x00000000   Code   RO         5389    .ARM.Collect$$libinit$$00000017  c_w.l(libinit2.o)
    0x0000018c   0x00000000   Code   RO         5391    .ARM.Collect$$libinit$$00000019  c_w.l(libinit2.o)
    0x0000018c   0x00000000   Code   RO         5393    .ARM.Collect$$libinit$$0000001B  c_w.l(libinit2.o)
    0x0000018c   0x00000000   Code   RO         5395    .ARM.Collect$$libinit$$0000001D  c_w.l(libinit2.o)
    0x0000018c   0x00000000   Code   RO         5397    .ARM.Collect$$libinit$$0000001F  c_w.l(libinit2.o)
    0x0000018c   0x00000000   Code   RO         5399    .ARM.Collect$$libinit$$00000021  c_w.l(libinit2.o)
    0x0000018c   0x00000000   Code   RO         5401    .ARM.Collect$$libinit$$00000023  c_w.l(libinit2.o)
    0x0000018c   0x00000000   Code   RO         5403    .ARM.Collect$$libinit$$00000025  c_w.l(libinit2.o)
    0x0000018c   0x00000000   Code   RO         5407    .ARM.Collect$$libinit$$0000002C  c_w.l(libinit2.o)
    0x0000018c   0x00000000   Code   RO         5409    .ARM.Collect$$libinit$$0000002E  c_w.l(libinit2.o)
    0x0000018c   0x00000000   Code   RO         5411    .ARM.Collect$$libinit$$00000030  c_w.l(libinit2.o)
    0x0000018c   0x00000000   Code   RO         5413    .ARM.Collect$$libinit$$00000032  c_w.l(libinit2.o)
    0x0000018c   0x00000002   Code   RO         5414    .ARM.Collect$$libinit$$00000033  c_w.l(libinit2.o)
    0x0000018e   0x00000002   Code   RO         5555    .ARM.Collect$$libshutdown$$00000000  c_w.l(libshutdown.o)
    0x00000190   0x00000000   Code   RO         5417    .ARM.Collect$$libshutdown$$00000003  c_w.l(libshutdown2.o)
    0x00000190   0x00000000   Code   RO         5420    .ARM.Collect$$libshutdown$$00000006  c_w.l(libshutdown2.o)
    0x00000190   0x00000000   Code   RO         5423    .ARM.Collect$$libshutdown$$00000009  c_w.l(libshutdown2.o)
    0x00000190   0x00000000   Code   RO         5425    .ARM.Collect$$libshutdown$$0000000B  c_w.l(libshutdown2.o)
    0x00000190   0x00000000   Code   RO         5428    .ARM.Collect$$libshutdown$$0000000E  c_w.l(libshutdown2.o)
    0x00000190   0x00000002   Code   RO         5429    .ARM.Collect$$libshutdown$$0000000F  c_w.l(libshutdown2.o)
    0x00000192   0x00000000   Code   RO         5160    .ARM.Collect$$rtentry$$00000000  c_w.l(__rtentry.o)
    0x00000192   0x00000000   Code   RO         5265    .ARM.Collect$$rtentry$$00000002  c_w.l(__rtentry2.o)
    0x00000192   0x00000006   Code   RO         5277    .ARM.Collect$$rtentry$$00000004  c_w.l(__rtentry4.o)
    0x00000198   0x00000000   Code   RO         5267    .ARM.Collect$$rtentry$$00000009  c_w.l(__rtentry2.o)
    0x00000198   0x00000004   Code   RO         5268    .ARM.Collect$$rtentry$$0000000A  c_w.l(__rtentry2.o)
    0x0000019c   0x00000000   Code   RO         5270    .ARM.Collect$$rtentry$$0000000C  c_w.l(__rtentry2.o)
    0x0000019c   0x00000008   Code   RO         5271    .ARM.Collect$$rtentry$$0000000D  c_w.l(__rtentry2.o)
    0x000001a4   0x00000002   Code   RO         5495    .ARM.Collect$$rtexit$$00000000  c_w.l(rtexit.o)
    0x000001a6   0x00000000   Code   RO         5523    .ARM.Collect$$rtexit$$00000002  c_w.l(rtexit2.o)
    0x000001a6   0x00000004   Code   RO         5524    .ARM.Collect$$rtexit$$00000003  c_w.l(rtexit2.o)
    0x000001aa   0x00000006   Code   RO         5525    .ARM.Collect$$rtexit$$00000004  c_w.l(rtexit2.o)
    0x000001b0   0x000000b6   Code   RO         2796    .emb_text           port.o
    0x00000266   0x00000002   PAD
    0x00000268   0x00000016   Code   RO         3705    .emb_text           am_hal_interrupt.o
    0x0000027e   0x00000002   PAD
    0x00000280   0x00000024   Code   RO         3745    .emb_text           am_hal_iom.o
    0x000002a4   0x00000014   Code   RO         4835    .emb_text           am_util_faultisr.o
    0x000002b8   0x00000028   Code   RO         4917    .emb_text           am_bootloader.o
    0x000002e0   0x00000018   Code   RO         2934    .text               startup_keil.o
    0x000002f8   0x00000002   Code   RO         5016    .text               c_w.l(use_no_semi_2.o)
    0x000002fa   0x00000026   Code   RO         5020    .text               c_w.l(llshl.o)
    0x00000320   0x00000028   Code   RO         5024    .text               c_w.l(noretval__2sprintf.o)
    0x00000348   0x0000004e   Code   RO         5028    .text               c_w.l(_printf_pad.o)
    0x00000396   0x00000002   PAD
    0x00000398   0x00000078   Code   RO         5030    .text               c_w.l(_printf_dec.o)
    0x00000410   0x00000138   Code   RO         5044    .text               c_w.l(__printf_flags_wp.o)
    0x00000548   0x0000003e   Code   RO         5072    .text               c_w.l(strlen.o)
    0x00000586   0x0000008a   Code   RO         5074    .text               c_w.l(rt_memcpy_v6.o)
    0x00000610   0x00000064   Code   RO         5076    .text               c_w.l(rt_memcpy_w.o)
    0x00000674   0x00000010   Code   RO         5078    .text               c_w.l(aeabi_memset.o)
    0x00000684   0x0000004e   Code   RO         5080    .text               c_w.l(rt_memclr_w.o)
    0x000006d2   0x00000006   Code   RO         5084    .text               c_w.l(heapauxi.o)
    0x000006d8   0x00000002   Code   RO         5158    .text               c_w.l(use_no_semi.o)
    0x000006da   0x00000016   Code   RO         5166    .text               c_w.l(_rserrno.o)
    0x000006f0   0x000000b2   Code   RO         5168    .text               c_w.l(_printf_intcommon.o)
    0x000007a2   0x00000002   PAD
    0x000007a4   0x00000030   Code   RO         5170    .text               c_w.l(_printf_char_common.o)
    0x000007d4   0x0000000a   Code   RO         5172    .text               c_w.l(_sputc.o)
    0x000007de   0x00000044   Code   RO         5189    .text               c_w.l(rt_memclr.o)
    0x00000822   0x00000002   PAD
    0x00000824   0x00000008   Code   RO         5259    .text               c_w.l(libspace.o)
    0x0000082c   0x00000008   Code   RO         5282    .text               c_w.l(rt_errno_addr_intlibspace.o)
    0x00000834   0x0000004a   Code   RO         5440    .text               c_w.l(sys_stackheap_outer.o)
    0x0000087e   0x0000000c   Code   RO         5473    .text               c_w.l(exit.o)
    0x0000088a   0x00000002   PAD
    0x0000088c   0x0000003c   Code   RO          752    i.DisplayScreen     task_display.o
    0x000008c8   0x00000044   Code   RO          571    i.KeyEventHandler   task_button.o
    0x0000090c   0x00000014   Code   RO         1476    i.LCD_DisplayOn     drv_lcd.o
    0x00000920   0x00000144   Code   RO         1477    i.LCD_DisplaySomeLine  drv_lcd.o
    0x00000a64   0x00000424   Code   RO         1478    i.LCD_Init          drv_lcd.o
    0x00000e88   0x00000028   Code   RO         1479    i.LCD_InvertEnb     drv_lcd.o
    0x00000eb0   0x00000028   Code   RO         1480    i.LCD_InvertHck     drv_lcd.o
    0x00000ed8   0x00000028   Code   RO         1481    i.LCD_InvertVck     drv_lcd.o
    0x00000f00   0x000000d4   Code   RO         1482    i.LCD_PWM_Init      drv_lcd.o
    0x00000fd4   0x000000b0   Code   RO         1484    i.LCD_Poweron       drv_lcd.o
    0x00001084   0x000000a4   Code   RO         1485    i.LCD_SetArc        drv_lcd.o
    0x00001128   0x00000018   Code   RO         1486    i.LCD_SetBackgroundColor  drv_lcd.o
    0x00001140   0x0000012c   Code   RO         1487    i.LCD_SetChar       drv_lcd.o
    0x0000126c   0x00000154   Code   RO         1488    i.LCD_SetChinese    drv_lcd.o
    0x000013c0   0x00000158   Code   RO         1489    i.LCD_SetCircle     drv_lcd.o
    0x00001518   0x000000dc   Code   RO         1490    i.LCD_SetDataInHorizontal  drv_lcd.o
    0x000015f4   0x0000001c   Code   RO         1494    i.LCD_SetRGB        drv_lcd.o
    0x00001610   0x0000013c   Code   RO         1496    i.LCD_SetString     drv_lcd.o
    0x0000174c   0x0000003c   Code   RO          753    i.TaskDisplay       task_display.o
    0x00001788   0x00000030   Code   RO         5231    i.__ARM_fpclassify  m_wm.l(fpclassify.o)
    0x000017b8   0x00000118   Code   RO         5114    i.__hardfp_ceil     m_wm.l(ceil.o)
    0x000018d0   0x000000c8   Code   RO         5120    i.__hardfp_cos      m_wm.l(cos.o)
    0x00001998   0x00000c38   Code   RO         5132    i.__hardfp_pow      m_wm.l(pow.o)
    0x000025d0   0x000000c8   Code   RO         5146    i.__hardfp_sin      m_wm.l(sin.o)
    0x00002698   0x00000438   Code   RO         5236    i.__ieee754_rem_pio2  m_wm.l(rred.o)
    0x00002ad0   0x00000170   Code   RO         5208    i.__kernel_cos      m_wm.l(cos_i.o)
    0x00002c40   0x000000f8   Code   RO         5233    i.__kernel_poly     m_wm.l(poly.o)
    0x00002d38   0x00000130   Code   RO         5241    i.__kernel_sin      m_wm.l(sin_i.o)
    0x00002e68   0x00000030   Code   RO         5211    i.__mathlib_dbl_divzero  m_wm.l(dunder.o)
    0x00002e98   0x00000014   Code   RO         5212    i.__mathlib_dbl_infnan  m_wm.l(dunder.o)
    0x00002eac   0x00000014   Code   RO         5213    i.__mathlib_dbl_infnan2  m_wm.l(dunder.o)
    0x00002ec0   0x00000020   Code   RO         5214    i.__mathlib_dbl_invalid  m_wm.l(dunder.o)
    0x00002ee0   0x00000020   Code   RO         5215    i.__mathlib_dbl_overflow  m_wm.l(dunder.o)
    0x00002f00   0x00000020   Code   RO         5217    i.__mathlib_dbl_underflow  m_wm.l(dunder.o)
    0x00002f20   0x0000000e   Code   RO         5042    i._is_digit         c_w.l(__printf_wp.o)
    0x00002f2e   0x00000004   Code   RO         1801    i._sys_exit         rtt_syscalls_keil.o
    0x00002f32   0x00000002   PAD
    0x00002f34   0x000000e8   Code   RO         1061    i.adc_disable       dev_bat.o
    0x0000301c   0x000000a8   Code   RO         1062    i.adc_to_batt_voltage  dev_bat.o
    0x000030c4   0x00000054   Code   RO         1063    i.am_adc_isr        dev_bat.o
    0x00003118   0x0000002c   Code   RO         4920    i.am_bootloader_fast_crc32  am_bootloader.o
    0x00003144   0x00000018   Code   RO         4924    i.am_bootloader_image_run  am_bootloader.o
    0x0000315c   0x0000002c   Code   RO         4925    i.am_bootloader_partial_crc32  am_bootloader.o
    0x00003188   0x00000018   Code   RO         1644    i.am_ctimer_isr     com_apollo2.o
    0x000031a0   0x0000000e   Code   RO          497    i.am_freertos_sleep  task_rtos.o
    0x000031ae   0x00000002   Code   RO          498    i.am_freertos_wakeup  task_rtos.o
    0x000031b0   0x0000001e   Code   RO         1645    i.am_gpio_isr       com_apollo2.o
    0x000031ce   0x00000002   PAD
    0x000031d0   0x000000a0   Code   RO         2941    i.am_hal_adc_config  am_hal_adc.o
    0x00003270   0x00000014   Code   RO         2942    i.am_hal_adc_disable  am_hal_adc.o
    0x00003284   0x00000014   Code   RO         2943    i.am_hal_adc_enable  am_hal_adc.o
    0x00003298   0x00000010   Code   RO         2945    i.am_hal_adc_fifo_pop  am_hal_adc.o
    0x000032a8   0x0000000c   Code   RO         2946    i.am_hal_adc_int_clear  am_hal_adc.o
    0x000032b4   0x00000018   Code   RO         2948    i.am_hal_adc_int_enable  am_hal_adc.o
    0x000032cc   0x00000024   Code   RO         2951    i.am_hal_adc_int_status_get  am_hal_adc.o
    0x000032f0   0x00000014   Code   RO         2952    i.am_hal_adc_slot_config  am_hal_adc.o
    0x00003304   0x0000000c   Code   RO         2954    i.am_hal_adc_trigger  am_hal_adc.o
    0x00003310   0x00000010   Code   RO         3127    i.am_hal_clkgen_osc_start  am_hal_clkgen.o
    0x00003320   0x00000028   Code   RO         3129    i.am_hal_clkgen_sysclk_get  am_hal_clkgen.o
    0x00003348   0x00000012   Code   RO         3130    i.am_hal_clkgen_sysclk_select  am_hal_clkgen.o
    0x0000335a   0x00000042   Code   RO         3131    i.am_hal_clkgen_uarten_set  am_hal_clkgen.o
    0x0000339c   0x00000028   Code   RO         3216    i.am_hal_ctimer_clear  am_hal_ctimer.o
    0x000033c4   0x0000006c   Code   RO         3219    i.am_hal_ctimer_config_single  am_hal_ctimer.o
    0x00003430   0x0000000c   Code   RO         3220    i.am_hal_ctimer_int_clear  am_hal_ctimer.o
    0x0000343c   0x00000028   Code   RO         3222    i.am_hal_ctimer_int_enable  am_hal_ctimer.o
    0x00003464   0x000000b0   Code   RO         3224    i.am_hal_ctimer_int_register  am_hal_ctimer.o
    0x00003514   0x0000002c   Code   RO         3225    i.am_hal_ctimer_int_service  am_hal_ctimer.o
    0x00003540   0x00000030   Code   RO         3227    i.am_hal_ctimer_int_status_get  am_hal_ctimer.o
    0x00003570   0x000000a4   Code   RO         3228    i.am_hal_ctimer_period_set  am_hal_ctimer.o
    0x00003614   0x0000002c   Code   RO         3233    i.am_hal_ctimer_start  am_hal_ctimer.o
    0x00003640   0x00000028   Code   RO         3234    i.am_hal_ctimer_stop  am_hal_ctimer.o
    0x00003668   0x00000054   Code   RO         3235    i.am_hal_ctimers_use_hfrc  am_hal_ctimer.o
    0x000036bc   0x00000014   Code   RO         3375    i.am_hal_flash_delay  am_hal_flash.o
    0x000036d0   0x00000014   Code   RO         3384    i.am_hal_flash_load_ui32  am_hal_flash.o
    0x000036e4   0x0000001c   Code   RO         3386    i.am_hal_flash_page_erase  am_hal_flash.o
    0x00003700   0x00000024   Code   RO         3388    i.am_hal_flash_program_main  am_hal_flash.o
    0x00003724   0x00000024   Code   RO         3572    i.am_hal_gpio_int_clear  am_hal_gpio.o
    0x00003748   0x00000024   Code   RO         3574    i.am_hal_gpio_int_enable  am_hal_gpio.o
    0x0000376c   0x0000000c   Code   RO         3577    i.am_hal_gpio_int_register  am_hal_gpio.o
    0x00003778   0x00000054   Code   RO         3578    i.am_hal_gpio_int_service  am_hal_gpio.o
    0x000037cc   0x0000004c   Code   RO         3580    i.am_hal_gpio_int_status_get  am_hal_gpio.o
    0x00003818   0x0000005c   Code   RO         3707    i.am_hal_interrupt_enable  am_hal_interrupt.o
    0x00003874   0x00000034   Code   RO         3710    i.am_hal_interrupt_priority_set  am_hal_interrupt.o
    0x000038a8   0x00000084   Code   RO         3747    i.am_hal_iom_config  am_hal_iom.o
    0x0000392c   0x00000034   Code   RO         3748    i.am_hal_iom_disable  am_hal_iom.o
    0x00003960   0x00000034   Code   RO         3749    i.am_hal_iom_enable  am_hal_iom.o
    0x00003994   0x00000040   Code   RO         3751    i.am_hal_iom_fifo_empty_slots  am_hal_iom.o
    0x000039d4   0x00000020   Code   RO         3752    i.am_hal_iom_fifo_full_slots  am_hal_iom.o
    0x000039f4   0x00000064   Code   RO         3753    i.am_hal_iom_fifo_read  am_hal_iom.o
    0x00003a58   0x00000034   Code   RO         3754    i.am_hal_iom_fifo_write  am_hal_iom.o
    0x00003a8c   0x00000024   Code   RO         3755    i.am_hal_iom_frequency_get  am_hal_iom.o
    0x00003ab0   0x00000018   Code   RO         3770    i.am_hal_iom_poll_complete  am_hal_iom.o
    0x00003ac8   0x00000010   Code   RO         3773    i.am_hal_iom_pwrctrl_disable  am_hal_iom.o
    0x00003ad8   0x00000010   Code   RO         3774    i.am_hal_iom_pwrctrl_enable  am_hal_iom.o
    0x00003ae8   0x00000084   Code   RO         3780    i.am_hal_iom_queue_spi_read  am_hal_iom.o
    0x00003b6c   0x00000084   Code   RO         3781    i.am_hal_iom_queue_spi_write  am_hal_iom.o
    0x00003bf0   0x00000048   Code   RO         3783    i.am_hal_iom_sleeping_queue_flush  am_hal_iom.o
    0x00003c38   0x00000034   Code   RO         3784    i.am_hal_iom_spi_cmd_run  am_hal_iom.o
    0x00003c6c   0x00000054   Code   RO         3785    i.am_hal_iom_spi_read  am_hal_iom.o
    0x00003cc0   0x000000fc   Code   RO         3786    i.am_hal_iom_spi_read_nb  am_hal_iom.o
    0x00003dbc   0x0000014c   Code   RO         3787    i.am_hal_iom_spi_read_nq  am_hal_iom.o
    0x00003f08   0x00000054   Code   RO         3788    i.am_hal_iom_spi_write  am_hal_iom.o
    0x00003f5c   0x00000174   Code   RO         3789    i.am_hal_iom_spi_write_nb  am_hal_iom.o
    0x000040d0   0x0000013c   Code   RO         3790    i.am_hal_iom_spi_write_nq  am_hal_iom.o
    0x0000420c   0x00000284   Code   RO         3792    i.am_hal_iom_workaround_word_write  am_hal_iom.o
    0x00004490   0x00000040   Code   RO         4089    i.am_hal_mcuctrl_fault_status  am_hal_mcuctrl.o
    0x000044d0   0x000000e4   Code   RO         4123    i.am_hal_pwrctrl_bucks_disable  am_hal_pwrctrl.o
    0x000045b4   0x000000a4   Code   RO         4124    i.am_hal_pwrctrl_bucks_enable  am_hal_pwrctrl.o
    0x00004658   0x00000020   Code   RO         4125    i.am_hal_pwrctrl_bucks_init  am_hal_pwrctrl.o
    0x00004678   0x0000017c   Code   RO         4127    i.am_hal_pwrctrl_memory_enable  am_hal_pwrctrl.o
    0x000047f4   0x00000028   Code   RO         4128    i.am_hal_pwrctrl_periph_disable  am_hal_pwrctrl.o
    0x0000481c   0x0000006c   Code   RO         4129    i.am_hal_pwrctrl_periph_enable  am_hal_pwrctrl.o
    0x00004888   0x00000012   Code   RO         4181    i.am_hal_queue_init  am_hal_queue.o
    0x0000489a   0x00000066   Code   RO         4182    i.am_hal_queue_item_add  am_hal_queue.o
    0x00004900   0x00000062   Code   RO         4183    i.am_hal_queue_item_get  am_hal_queue.o
    0x00004962   0x00000008   Code   RO         4207    i.am_hal_reset_por  am_hal_reset.o
    0x0000496a   0x00000012   Code   RO         4251    i.am_hal_rtc_osc_enable  am_hal_rtc.o
    0x0000497c   0x00000026   Code   RO         4252    i.am_hal_rtc_osc_select  am_hal_rtc.o
    0x000049a2   0x0000008a   Code   RO         4254    i.am_hal_rtc_time_get  am_hal_rtc.o
    0x00004a2c   0x000000b4   Code   RO         4255    i.am_hal_rtc_time_set  am_hal_rtc.o
    0x00004ae0   0x00000018   Code   RO         4350    i.am_hal_stimer_compare_delta_set  am_hal_stimer.o
    0x00004af8   0x0000004c   Code   RO         4352    i.am_hal_stimer_config  am_hal_stimer.o
    0x00004b44   0x0000000c   Code   RO         4354    i.am_hal_stimer_counter_get  am_hal_stimer.o
    0x00004b50   0x0000000c   Code   RO         4355    i.am_hal_stimer_int_clear  am_hal_stimer.o
    0x00004b5c   0x00000018   Code   RO         4357    i.am_hal_stimer_int_enable  am_hal_stimer.o
    0x00004b74   0x0000007c   Code   RO         4442    i.am_hal_sysctrl_sleep  am_hal_sysctrl.o
    0x00004bf0   0x00000044   Code   RO         4550    i.am_hal_uart_char_receive_buffered  am_hal_uart.o
    0x00004c34   0x00000050   Code   RO         4552    i.am_hal_uart_char_transmit_buffered  am_hal_uart.o
    0x00004c84   0x0000002c   Code   RO         4554    i.am_hal_uart_clock_disable  am_hal_uart.o
    0x00004cb0   0x00000040   Code   RO         4555    i.am_hal_uart_clock_enable  am_hal_uart.o
    0x00004cf0   0x00000078   Code   RO         4556    i.am_hal_uart_config  am_hal_uart.o
    0x00004d68   0x00000030   Code   RO         4557    i.am_hal_uart_disable  am_hal_uart.o
    0x00004d98   0x00000030   Code   RO         4558    i.am_hal_uart_enable  am_hal_uart.o
    0x00004dc8   0x0000002c   Code   RO         4559    i.am_hal_uart_fifo_config  am_hal_uart.o
    0x00004df4   0x00000014   Code   RO         4560    i.am_hal_uart_flags_get  am_hal_uart.o
    0x00004e08   0x0000002c   Code   RO         4561    i.am_hal_uart_get_status_buffered  am_hal_uart.o
    0x00004e34   0x00000060   Code   RO         4562    i.am_hal_uart_init_buffered  am_hal_uart.o
    0x00004e94   0x00000010   Code   RO         4563    i.am_hal_uart_int_clear  am_hal_uart.o
    0x00004ea4   0x00000020   Code   RO         4564    i.am_hal_uart_int_disable  am_hal_uart.o
    0x00004ec4   0x00000020   Code   RO         4565    i.am_hal_uart_int_enable  am_hal_uart.o
    0x00004ee4   0x00000020   Code   RO         4567    i.am_hal_uart_int_status_get  am_hal_uart.o
    0x00004f04   0x00000010   Code   RO         4571    i.am_hal_uart_pwrctrl_disable  am_hal_uart.o
    0x00004f14   0x00000010   Code   RO         4572    i.am_hal_uart_pwrctrl_enable  am_hal_uart.o
    0x00004f24   0x00000108   Code   RO         4574    i.am_hal_uart_service_buffered_timeout_save  am_hal_uart.o
    0x0000502c   0x0000000e   Code   RO         2797    i.am_stimer_cmpr0_isr  port.o
    0x0000503a   0x00000002   PAD
    0x0000503c   0x00000034   Code   RO         2798    i.am_systick_isr    port.o
    0x00005070   0x000000f8   Code   RO         1364    i.am_uart1_isr      drv_ble.o
    0x00005168   0x0000006c   Code   RO         1646    i.am_uart_isr       com_apollo2.o
    0x000051d4   0x0000001c   Code   RO         4812    i.am_util_delay_ms  am_util_delay.o
    0x000051f0   0x00000020   Code   RO         4813    i.am_util_delay_us  am_util_delay.o
    0x00005210   0x000000b8   Code   RO         4836    i.am_util_faultisr_collect_data  am_util_faultisr.o
    0x000052c8   0x00000054   Code   RO         4857    i.am_util_string_strnicmp  am_util_string.o
    0x0000531c   0x000000d2   Code   RO         4905    i.am_util_time_computeDayofWeek  am_util_time.o
    0x000053ee   0x00000002   PAD
    0x000053f0   0x00000040   Code   RO         1064    i.batt_voltage_to_percent  dev_bat.o
    0x00005430   0x00000014   Code   RO         4256    i.bcd_to_dec        am_hal_rtc.o
    0x00005444   0x00000050   Code   RO          852    i.ble_bootsetting   dev_dfu.o
    0x00005494   0x0000007c   Code   RO          853    i.ble_iamge_write   dev_dfu.o
    0x00005510   0x000000ac   Code   RO          854    i.ble_image_data    dev_dfu.o
    0x000055bc   0x000000d8   Code   RO          855    i.ble_postvalidate  dev_dfu.o
    0x00005694   0x00000094   Code   RO          856    i.ble_prevalidate   dev_dfu.o
    0x00005728   0x00000084   Code   RO          857    i.ble_reset_N_activate  dev_dfu.o
    0x000057ac   0x00000148   Code   RO            1    i.boot              main.o
    0x000058f4   0x00000060   Code   RO          858    i.bootsetting       dev_dfu.o
    0x00005954   0x0000001c   Code   RO         1157    i.btn_hdl_bl        drv_button.o
    0x00005970   0x0000001c   Code   RO         1158    i.btn_hdl_down      drv_button.o
    0x0000598c   0x0000001c   Code   RO         1159    i.btn_hdl_ok        drv_button.o
    0x000059a8   0x0000001c   Code   RO         1160    i.btn_hdl_pwr       drv_button.o
    0x000059c4   0x0000001c   Code   RO         1161    i.btn_hdl_up        drv_button.o
    0x000059e0   0x00000122   Code   RO          950    i.buf_write         dev_extflash.o
    0x00005b02   0x00000002   PAD
    0x00005b04   0x000000b0   Code   RO         1321    i.bus_disable       drv_pc.o
    0x00005bb4   0x000000f8   Code   RO         1322    i.bus_enable        drv_pc.o
    0x00005cac   0x00000044   Code   RO         1113    i.check_bootsetting  dev_dfu_ble.o
    0x00005cf0   0x0000005c   Code   RO          859    i.check_crc_from_external_flash  dev_dfu.o
    0x00005d4c   0x00000060   Code   RO         1114    i.check_crc_from_external_flash  dev_dfu_ble.o
    0x00005dac   0x00000078   Code   RO         1115    i.check_image       dev_dfu_ble.o
    0x00005e24   0x00000130   Code   RO         1647    i.com_apollo2_gpio_int_init  com_apollo2.o
    0x00005f54   0x00000042   Code   RO         3793    i.compute_freq      am_hal_iom.o
    0x00005f96   0x00000002   PAD
    0x00005f98   0x00000050   Code   RO         4578    i.config_baudrate   am_hal_uart.o
    0x00005fe8   0x00000058   Code   RO         1116    i.copy_image        dev_dfu_ble.o
    0x00006040   0x00000070   Code   RO         1365    i.cts_handle        drv_ble.o
    0x000060b0   0x0000001a   Code   RO         4257    i.dec_to_bcd        am_hal_rtc.o
    0x000060ca   0x00000002   PAD
    0x000060cc   0x00000120   Code   RO         1065    i.dev_bat_adc_enable  dev_bat.o
    0x000061ec   0x00000144   Code   RO         1066    i.dev_bat_init      dev_bat.o
    0x00006330   0x00000058   Code   RO         1022    i.dev_ble_init      dev_ble.o
    0x00006388   0x000000c0   Code   RO         1117    i.dev_dfu_ble_start  dev_dfu_ble.o
    0x00006448   0x00000414   Code   RO          860    i.dev_dfu_event_handle  dev_dfu.o
    0x0000685c   0x000000e0   Code   RO          861    i.dev_dfu_flash_memcpy  dev_dfu.o
    0x0000693c   0x000000e4   Code   RO         1118    i.dev_dfu_flash_memcpy  dev_dfu_ble.o
    0x00006a20   0x00000008   Code   RO          952    i.dev_extFlash_disable  dev_extflash.o
    0x00006a28   0x00000008   Code   RO          953    i.dev_extFlash_enable  dev_extflash.o
    0x00006a30   0x0000009e   Code   RO          955    i.dev_extFlash_erase  dev_extflash.o
    0x00006ace   0x00000010   Code   RO          956    i.dev_extFlash_exit_deep_sleep  dev_extflash.o
    0x00006ade   0x00000014   Code   RO          957    i.dev_extFlash_read  dev_extflash.o
    0x00006af2   0x00000014   Code   RO          958    i.dev_extFlash_write  dev_extflash.o
    0x00006b06   0x0000001e   Code   RO         1049    i.dev_lcd_init      dev_lcd.o
    0x00006b24   0x000001e8   Code   RO            2    i.device_init       main.o
    0x00006d0c   0x00000250   Code   RO         1498    i.draw_arc          drv_lcd.o
    0x00006f5c   0x00000074   Code   RO         1366    i.drv_ble_init      drv_ble.o
    0x00006fd0   0x00000038   Code   RO         1367    i.drv_ble_on_cts_high  drv_ble.o
    0x00007008   0x00000038   Code   RO         1368    i.drv_ble_on_cts_low  drv_ble.o
    0x00007040   0x00000060   Code   RO         1369    i.drv_ble_send_data  drv_ble.o
    0x000070a0   0x00000020   Code   RO         1370    i.drv_ble_uart_close  drv_ble.o
    0x000070c0   0x0000002c   Code   RO         1372    i.drv_ble_uart_put  drv_ble.o
    0x000070ec   0x0000007c   Code   RO         1162    i.drv_button_init   drv_button.o
    0x00007168   0x00000064   Code   RO         1240    i.drv_extFlash_32K_erase  drv_extflash.o
    0x000071cc   0x00000064   Code   RO         1241    i.drv_extFlash_64K_erase  drv_extflash.o
    0x00007230   0x0000011c   Code   RO         1244    i.drv_extFlash_disable  drv_extflash.o
    0x0000734c   0x00000130   Code   RO         1245    i.drv_extFlash_enable  drv_extflash.o
    0x0000747c   0x000000a2   Code   RO         1246    i.drv_extFlash_page_write  drv_extflash.o
    0x0000751e   0x0000001c   Code   RO         1248    i.drv_extFlash_pwr_up  drv_extflash.o
    0x0000753a   0x00000080   Code   RO         1249    i.drv_extFlash_read  drv_extflash.o
    0x000075ba   0x00000064   Code   RO         1250    i.drv_extFlash_sector_erase  drv_extflash.o
    0x0000761e   0x00000002   PAD
    0x00007620   0x00000070   Code   RO         1216    i.drv_intFlash_erase_page  drv_intflash.o
    0x00007690   0x00000078   Code   RO         1218    i.drv_intFlash_write_page  drv_intflash.o
    0x00007708   0x0000001c   Code   RO         1323    i.drv_pc_init       drv_pc.o
    0x00007724   0x0000003c   Code   RO         1324    i.drv_pc_send_data  drv_pc.o
    0x00007760   0x00000008   Code   RO         1325    i.drv_pc_uninit     drv_pc.o
    0x00007768   0x000000bc   Code   RO         1442    i.drv_rtc_init      drv_rtc.o
    0x00007824   0x00000010   Code   RO         1443    i.drv_rtc_time_debug  drv_rtc.o
    0x00007834   0x0000003c   Code   RO         2351    i.eTaskConfirmSleepModeStatus  tasks.o
    0x00007870   0x0000000e   Code   RO         1695    i.error_fault_handler  lib_error.o
    0x0000787e   0x0000001a   Code   RO         1696    i.error_handler     lib_error.o
    0x00007898   0x00000014   Code   RO          862    i.exception_response  dev_dfu.o
    0x000078ac   0x00000018   Code   RO         5227    i.fabs              m_wm.l(fabs.o)
    0x000078c4   0x00000124   Code   RO         1499    i.get_circle_point  drv_lcd.o
    0x000079e8   0x00000070   Code   RO          465    i.gui_back_door_btn_evt  gui_back_door.o
    0x00007a58   0x0000005c   Code   RO          466    i.gui_back_door_paint  gui_back_door.o
    0x00007ab4   0x00000030   Code   RO          467    i.gui_back_door_task_display  gui_back_door.o
    0x00007ae4   0x00000034   Code   RO          366    i.gui_boot_btn_evt  gui_boot.o
    0x00007b18   0x00000098   Code   RO          367    i.gui_boot_paint    gui_boot.o
    0x00007bb0   0x00000030   Code   RO          368    i.gui_boot_task_display  gui_boot.o
    0x00007be0   0x00000034   Code   RO          437    i.gui_exception_btn_evt  gui_exception.o
    0x00007c14   0x0000013c   Code   RO          438    i.gui_exception_paint  gui_exception.o
    0x00007d50   0x00000030   Code   RO          439    i.gui_exception_task_display  gui_exception.o
    0x00007d80   0x00000034   Code   RO          411    i.gui_post_watch_info_btn_evt  gui_post_watch_info.o
    0x00007db4   0x00000298   Code   RO          412    i.gui_post_watch_info_paint  gui_post_watch_info.o
    0x0000804c   0x0000007c   Code   RO          863    i.iamge_write       dev_dfu.o
    0x000080c8   0x000000ac   Code   RO          864    i.image_data        dev_dfu.o
    0x00008174   0x00000028   Code   RO         3794    i.internal_am_hal_iom_spi_cmd_construct  am_hal_iom.o
    0x0000819c   0x0000009c   Code   RO         3795    i.internal_iom_workaround_critical  am_hal_iom.o
    0x00008238   0x0000007c   Code   RO         3796    i.iom_calc_gpio     am_hal_iom.o
    0x000082b4   0x000001b4   Code   RO         3797    i.iom_get_interface_clock_cfg  am_hal_iom.o
    0x00008468   0x00000040   Code   RO         3798    i.iom_get_workaround_fsel  am_hal_iom.o
    0x000084a8   0x00000018   Code   RO         4130    i.isRevA            am_hal_pwrctrl.o
    0x000084c0   0x00000018   Code   RO         4443    i.isRevA            am_hal_sysctrl.o
    0x000084d8   0x00000018   Code   RO         3799    i.isRevB0           am_hal_iom.o
    0x000084f0   0x00000018   Code   RO         4131    i.isRev_ADC         am_hal_pwrctrl.o
    0x00008508   0x00000024   Code   RO         1722    i.lib_boot_goto_image  lib_boot.o
    0x0000852c   0x0000003e   Code   RO         1723    i.lib_boot_jump_to_bootloader  lib_boot.o
    0x0000856a   0x0000003e   Code   RO         1724    i.lib_boot_jump_to_update_algorithm  lib_boot.o
    0x000085a8   0x0000001c   Code   RO         1747    i.lib_boot_setting_crc_check_application  lib_boot_setting.o
    0x000085c4   0x0000001c   Code   RO         1748    i.lib_boot_setting_crc_check_bootloader  lib_boot_setting.o
    0x000085e0   0x0000001e   Code   RO         1749    i.lib_boot_setting_crc_check_bootsetting  lib_boot_setting.o
    0x000085fe   0x0000001c   Code   RO         1750    i.lib_boot_setting_crc_check_updateAlgorithm  lib_boot_setting.o
    0x0000861a   0x00000058   Code   RO         1751    i.lib_boot_setting_init  lib_boot_setting.o
    0x00008672   0x00000002   PAD
    0x00008674   0x00000014   Code   RO         1752    i.lib_boot_setting_read  lib_boot_setting.o
    0x00008688   0x0000001a   Code   RO         1753    i.lib_boot_setting_write  lib_boot_setting.o
    0x000086a2   0x00000002   Code   RO            3    i.log_init          main.o
    0x000086a4   0x00000044   Code   RO            4    i.main              main.o
    0x000086e8   0x0000002c   Code   RO         1444    i.mthToIndex        drv_rtc.o
    0x00008714   0x00000012   Code   RO         3800    i.onebit            am_hal_iom.o
    0x00008726   0x00000002   PAD
    0x00008728   0x0000018c   Code   RO          865    i.postvalidate      dev_dfu.o
    0x000088b4   0x00000164   Code   RO          866    i.prevalidate       dev_dfu.o
    0x00008a18   0x00000034   Code   RO            5    i.priority_init     main.o
    0x00008a4c   0x00000054   Code   RO          369    i.progress_display  gui_boot.o
    0x00008aa0   0x0000007c   Code   RO         2353    i.prvAddCurrentTaskToDelayedList  tasks.o
    0x00008b1c   0x000000b0   Code   RO         2354    i.prvAddNewTaskToReadyList  tasks.o
    0x00008bcc   0x0000004c   Code   RO         2666    i.prvCheckForValidListAndQueue  timers.o
    0x00008c18   0x00000064   Code   RO         2355    i.prvCheckTasksWaitingTermination  tasks.o
    0x00008c7c   0x0000002a   Code   RO         2222    i.prvCopyDataFromQueue  queue.o
    0x00008ca6   0x0000006a   Code   RO         2223    i.prvCopyDataToQueue  queue.o
    0x00008d10   0x00000012   Code   RO         2356    i.prvDeleteTCB      tasks.o
    0x00008d22   0x00000002   PAD
    0x00008d24   0x00000048   Code   RO         2357    i.prvGetExpectedIdleTime  tasks.o
    0x00008d6c   0x00000028   Code   RO         2667    i.prvGetNextExpireTime  timers.o
    0x00008d94   0x00000038   Code   RO         2893    i.prvHeapInit       heap_2.o
    0x00008dcc   0x0000006c   Code   RO         2358    i.prvIdleTask       tasks.o
    0x00008e38   0x00000026   Code   RO         2224    i.prvInitialiseNewQueue  queue.o
    0x00008e5e   0x000000a0   Code   RO         2359    i.prvInitialiseNewTask  tasks.o
    0x00008efe   0x00000002   PAD
    0x00008f00   0x00000068   Code   RO         2360    i.prvInitialiseTaskLists  tasks.o
    0x00008f68   0x00000058   Code   RO         2669    i.prvInsertTimerInActiveList  timers.o
    0x00008fc0   0x0000001a   Code   RO         2225    i.prvIsQueueEmpty   queue.o
    0x00008fda   0x0000001e   Code   RO         2226    i.prvIsQueueFull    queue.o
    0x00008ff8   0x00000050   Code   RO         2670    i.prvProcessExpiredTimer  timers.o
    0x00009048   0x000000ec   Code   RO         2671    i.prvProcessReceivedCommands  timers.o
    0x00009134   0x00000074   Code   RO         2672    i.prvProcessTimerOrBlockTask  timers.o
    0x000091a8   0x00000034   Code   RO         2361    i.prvResetNextTaskUnblockTime  tasks.o
    0x000091dc   0x0000002c   Code   RO         2673    i.prvSampleTimeNow  timers.o
    0x00009208   0x0000008c   Code   RO         2674    i.prvSwitchTimerLists  timers.o
    0x00009294   0x00000030   Code   RO         2799    i.prvTaskExitError  port.o
    0x000092c4   0x0000001e   Code   RO         2100    i.prvTestWaitCondition  event_groups.o
    0x000092e2   0x0000001a   Code   RO         2675    i.prvTimerTask      timers.o
    0x000092fc   0x0000007e   Code   RO         2227    i.prvUnlockQueue    queue.o
    0x0000937a   0x00000002   PAD
    0x0000937c   0x000000c0   Code   RO         2894    i.pvPortMalloc      heap_2.o
    0x0000943c   0x0000002c   Code   RO         2800    i.pxPortInitialiseStack  port.o
    0x00009468   0x0000006c   Code   RO            6    i.reset_handler     main.o
    0x000094d4   0x0000002c   Code   RO         1373    i.send              drv_ble.o
    0x00009500   0x0000001a   Code   RO         1251    i.spiflash_status   drv_extflash.o
    0x0000951a   0x0000006e   Code   RO         5249    i.sqrt              m_wm.l(sqrt.o)
    0x00009588   0x00000032   Code   RO            7    i.system_init       main.o
    0x000095ba   0x0000001a   Code   RO            8    i.system_interrupt  main.o
    0x000095d4   0x000000bc   Code   RO          530    i.task              task_setup.o
    0x00009690   0x0000008c   Code   RO          572    i.task              task_button.o
    0x0000971c   0x00000088   Code   RO          605    i.task              task_pc.o
    0x000097a4   0x000002d4   Code   RO          642    i.task              task_ble.o
    0x00009a78   0x00000040   Code   RO          723    i.task              task_charge.o
    0x00009ab8   0x000000b0   Code   RO          643    i.task_ble_init     task_ble.o
    0x00009b68   0x00000098   Code   RO          573    i.task_button_init  task_button.o
    0x00009c00   0x0000003c   Code   RO          574    i.task_cb           task_button.o
    0x00009c3c   0x0000004c   Code   RO          606    i.task_cb           task_pc.o
    0x00009c88   0x0000004c   Code   RO          645    i.task_cb           task_ble.o
    0x00009cd4   0x0000003c   Code   RO          724    i.task_cb           task_charge.o
    0x00009d10   0x000000d4   Code   RO          725    i.task_charge_init  task_charge.o
    0x00009de4   0x0000004c   Code   RO          754    i.task_display_init  task_display.o
    0x00009e30   0x000000a0   Code   RO          607    i.task_pc_init      task_pc.o
    0x00009ed0   0x0000006c   Code   RO          531    i.task_setup_init   task_setup.o
    0x00009f3c   0x00000024   Code   RO         1163    i.timer_create      drv_button.o
    0x00009f60   0x00000002   Code   RO          816    i.timer_exception_init  timer_exception.o
    0x00009f62   0x00000002   Code   RO          817    i.timer_exception_start  timer_exception.o
    0x00009f64   0x00000002   Code   RO          818    i.timer_exception_stop  timer_exception.o
    0x00009f66   0x00000002   PAD
    0x00009f68   0x00000088   Code   RO         1164    i.timer_handle      drv_button.o
    0x00009ff0   0x00000026   Code   RO         1165    i.timer_start       drv_button.o
    0x0000a016   0x0000000e   Code   RO         1166    i.timer_stop        drv_button.o
    0x0000a024   0x00000022   Code   RO         1445    i.toVal             drv_rtc.o
    0x0000a046   0x00000002   PAD
    0x0000a048   0x0000000c   Code   RO         1649    i.uart0_handler_register  com_apollo2.o
    0x0000a054   0x00000018   Code   RO         1326    i.uart_cb           drv_pc.o
    0x0000a06c   0x000000b0   Code   RO         1374    i.uart_disable      drv_ble.o
    0x0000a11c   0x000000fc   Code   RO         1375    i.uart_enable       drv_ble.o
    0x0000a218   0x00000150   Code   RO         1067    i.usb_detect_hdl    dev_bat.o
    0x0000a368   0x00000028   Code   RO         2186    i.uxListRemove      list.o
    0x0000a390   0x0000001c   Code   RO         2366    i.uxTaskResetEventItemValue  tasks.o
    0x0000a3ac   0x00000040   Code   RO          499    i.vApplicationMallocFailedHook  task_rtos.o
    0x0000a3ec   0x00000040   Code   RO          500    i.vApplicationStackOverflowHook  task_rtos.o
    0x0000a42c   0x00000010   Code   RO         2103    i.vEventGroupSetBitsCallback  event_groups.o
    0x0000a43c   0x0000001a   Code   RO         2187    i.vListInitialise   list.o
    0x0000a456   0x00000006   Code   RO         2188    i.vListInitialiseItem  list.o
    0x0000a45c   0x00000034   Code   RO         2189    i.vListInsert       list.o
    0x0000a490   0x00000018   Code   RO         2190    i.vListInsertEnd    list.o
    0x0000a4a8   0x00000044   Code   RO         2802    i.vPortEnterCritical  port.o
    0x0000a4ec   0x0000002c   Code   RO         2803    i.vPortExitCritical  port.o
    0x0000a518   0x00000040   Code   RO         2895    i.vPortFree         heap_2.o
    0x0000a558   0x00000060   Code   RO         2804    i.vPortSetupTimerInterrupt  port.o
    0x0000a5b8   0x000000bc   Code   RO         2805    i.vPortSuppressTicksAndSleep  port.o
    0x0000a674   0x00000054   Code   RO         2806    i.vPortValidateInterruptPriority  port.o
    0x0000a6c8   0x0000004a   Code   RO         2232    i.vQueueWaitForMessageRestricted  queue.o
    0x0000a712   0x00000002   PAD
    0x0000a714   0x00000048   Code   RO         2367    i.vTaskDelay        tasks.o
    0x0000a75c   0x0000000c   Code   RO         2371    i.vTaskMissedYield  tasks.o
    0x0000a768   0x00000028   Code   RO         2373    i.vTaskPlaceOnEventList  tasks.o
    0x0000a790   0x00000030   Code   RO         2374    i.vTaskPlaceOnEventListRestricted  tasks.o
    0x0000a7c0   0x00000048   Code   RO         2375    i.vTaskPlaceOnUnorderedEventList  tasks.o
    0x0000a808   0x0000001c   Code   RO         2377    i.vTaskSetTimeOutState  tasks.o
    0x0000a824   0x00000084   Code   RO         2378    i.vTaskStartScheduler  tasks.o
    0x0000a8a8   0x00000030   Code   RO         2379    i.vTaskStepTick     tasks.o
    0x0000a8d8   0x000000a8   Code   RO         2380    i.vTaskSuspend      tasks.o
    0x0000a980   0x00000010   Code   RO         2381    i.vTaskSuspendAll   tasks.o
    0x0000a990   0x000000b4   Code   RO         2382    i.vTaskSwitchContext  tasks.o
    0x0000aa44   0x000000c0   Code   RO         1119    i.write_bootsetting  dev_dfu_ble.o
    0x0000ab04   0x0000001a   Code   RO         2105    i.xEventGroupCreate  event_groups.o
    0x0000ab1e   0x000000aa   Code   RO         2107    i.xEventGroupSetBits  event_groups.o
    0x0000abc8   0x0000010c   Code   RO         2109    i.xEventGroupWaitBits  event_groups.o
    0x0000acd4   0x00000108   Code   RO         2807    i.xPortStartScheduler  port.o
    0x0000addc   0x00000054   Code   RO         2808    i.xPortStimerTickHandler  port.o
    0x0000ae30   0x00000046   Code   RO         2233    i.xQueueGenericCreate  queue.o
    0x0000ae76   0x00000002   PAD
    0x0000ae78   0x00000170   Code   RO         2234    i.xQueueGenericReceive  queue.o
    0x0000afe8   0x00000084   Code   RO         2235    i.xQueueGenericReset  queue.o
    0x0000b06c   0x00000160   Code   RO         2236    i.xQueueGenericSend  queue.o
    0x0000b1cc   0x000000c2   Code   RO         2237    i.xQueueGenericSendFromISR  queue.o
    0x0000b28e   0x00000002   PAD
    0x0000b290   0x00000068   Code   RO         2383    i.xTaskCheckForTimeOut  tasks.o
    0x0000b2f8   0x00000060   Code   RO         2384    i.xTaskCreate       tasks.o
    0x0000b358   0x00000020   Code   RO         2387    i.xTaskGetSchedulerState  tasks.o
    0x0000b378   0x0000000c   Code   RO         2388    i.xTaskGetTickCount  tasks.o
    0x0000b384   0x00000118   Code   RO         2390    i.xTaskIncrementTick  tasks.o
    0x0000b49c   0x00000088   Code   RO         2393    i.xTaskRemoveFromEventList  tasks.o
    0x0000b524   0x00000088   Code   RO         2394    i.xTaskRemoveFromUnorderedEventList  tasks.o
    0x0000b5ac   0x000000f0   Code   RO         2395    i.xTaskResumeAll    tasks.o
    0x0000b69c   0x00000044   Code   RO         2679    i.xTimerCreateTimerTask  timers.o
    0x0000b6e0   0x00000074   Code   RO         2680    i.xTimerGenericCommand  timers.o
    0x0000b754   0x00000034   Code   RO         2686    i.xTimerPendFunctionCallFromISR  timers.o
    0x0000b788   0x00000018   Code   RO         5193    x$fpl$basic         fz_wm.l(basic.o)
    0x0000b7a0   0x00000062   Code   RO         5088    x$fpl$d2f           fz_wm.l(d2f.o)
    0x0000b802   0x00000002   PAD
    0x0000b804   0x00000150   Code   RO         5090    x$fpl$dadd          fz_wm.l(daddsub_clz.o)
    0x0000b954   0x00000010   Code   RO         5430    x$fpl$dcheck1       fz_wm.l(dcheck1.o)
    0x0000b964   0x00000018   Code   RO         5489    x$fpl$dcmpinf       fz_wm.l(dcmpi.o)
    0x0000b97c   0x000002b0   Code   RO         5097    x$fpl$ddiv          fz_wm.l(ddiv.o)
    0x0000bc2c   0x0000005e   Code   RO         5432    x$fpl$dfix          fz_wm.l(dfix.o)
    0x0000bc8a   0x00000002   PAD
    0x0000bc8c   0x0000005a   Code   RO         5100    x$fpl$dfixu         fz_wm.l(dfixu.o)
    0x0000bce6   0x0000002e   Code   RO         5105    x$fpl$dflt          fz_wm.l(dflt_clz.o)
    0x0000bd14   0x00000026   Code   RO         5104    x$fpl$dfltu         fz_wm.l(dflt_clz.o)
    0x0000bd3a   0x00000002   PAD
    0x0000bd3c   0x00000078   Code   RO         5436    x$fpl$dleqf         fz_wm.l(dleqf.o)
    0x0000bdb4   0x00000154   Code   RO         5110    x$fpl$dmul          fz_wm.l(dmul.o)
    0x0000bf08   0x0000009c   Code   RO         5195    x$fpl$dnaninf       fz_wm.l(dnaninf.o)
    0x0000bfa4   0x0000000c   Code   RO         5197    x$fpl$dretinf       fz_wm.l(dretinf.o)
    0x0000bfb0   0x0000006c   Code   RO         5199    x$fpl$drleqf        fz_wm.l(drleqf.o)
    0x0000c01c   0x00000016   Code   RO         5091    x$fpl$drsb          fz_wm.l(daddsub_clz.o)
    0x0000c032   0x00000002   PAD
    0x0000c034   0x00000198   Code   RO         5438    x$fpl$dsqrt         fz_wm.l(dsqrt_umaal.o)
    0x0000c1cc   0x000001d4   Code   RO         5092    x$fpl$dsub          fz_wm.l(daddsub_clz.o)
    0x0000c3a0   0x00000056   Code   RO         5112    x$fpl$f2d           fz_wm.l(f2d.o)
    0x0000c3f6   0x0000008c   Code   RO         5201    x$fpl$fnaninf       fz_wm.l(fnaninf.o)
    0x0000c482   0x0000000a   Code   RO         5491    x$fpl$fpinit        fz_wm.l(fpinit.o)
    0x0000c48c   0x0000000a   Code   RO         5203    x$fpl$fretinf       fz_wm.l(fretinf.o)
    0x0000c496   0x00000064   Code   RO         5493    x$fpl$retnan        fz_wm.l(retnan.o)
    0x0000c4fa   0x0000005c   Code   RO         5205    x$fpl$scalbn        fz_wm.l(scalbn.o)
    0x0000c556   0x00000030   Code   RO         5520    x$fpl$trapveneer    fz_wm.l(trapv.o)
    0x0000c586   0x00000000   Code   RO         5207    x$fpl$usenofp       fz_wm.l(usenofp.o)
    0x0000c586   0x00000002   PAD
    0x0000c588   0x00000004   Data   RO          468    .constdata          gui_back_door.o
    0x0000c58c   0x00000004   Data   RO          647    .constdata          task_ble.o
    0x0000c590   0x0000002c   Data   RO          726    .constdata          task_charge.o
    0x0000c5bc   0x00000028   Data   RO          868    .constdata          dev_dfu.o
    0x0000c5e4   0x0000000c   Data   RO         1252    .constdata          drv_extflash.o
    0x0000c5f0   0x00000014   Data   RO         1328    .constdata          drv_pc.o
    0x0000c604   0x00000014   Data   RO         1377    .constdata          drv_ble.o
    0x0000c618   0x00000027   Data   RO         3802    .constdata          am_hal_iom.o
    0x0000c63f   0x00000100   Data   RO         4858    .constdata          am_util_string.o
    0x0000c73f   0x00000001   PAD
    0x0000c740   0x00000400   Data   RO         4928    .constdata          am_bootloader.o
    0x0000cb40   0x000005fc   Data   RO         4989    .constdata          font_char.o
    0x0000d13c   0x00000144   Data   RO         5001    .constdata          font_chinese.o
    0x0000d280   0x00000011   Data   RO         5045    .constdata          c_w.l(__printf_flags_wp.o)
    0x0000d291   0x00000007   PAD
    0x0000d298   0x00000088   Data   RO         5135    .constdata          m_wm.l(pow.o)
    0x0000d320   0x00000030   Data   RO         5209    .constdata          m_wm.l(cos_i.o)
    0x0000d350   0x00000008   Data   RO         5235    .constdata          m_wm.l(qnan.o)
    0x0000d358   0x000000c8   Data   RO         5238    .constdata          m_wm.l(rred.o)
    0x0000d420   0x00000028   Data   RO         5242    .constdata          m_wm.l(sin_i.o)
    0x0000d448   0x000000c9   Data   RO         1447    .conststring        drv_rtc.o
    0x0000d511   0x00000003   PAD
    0x0000d514   0x00000020   Data   RO         5556    Region$$Table       anon$$obj.o


    Execution Region RW_IRAM1 (Base: 0x10000000, Size: 0x0001e698, Max: 0x00040000, ABSOLUTE, COMPRESSED[0x00000094])

    Base Addr    Size         Type   Attr      Idx    E Section Name        Object

    0x10000000   0x00000002   Data   RW            9    .data               main.o
    0x10000002   0x00000001   Data   RW          370    .data               gui_boot.o
    0x10000003   0x00000001   PAD
    0x10000004   0x00000004   Data   RW          532    .data               task_setup.o
    0x10000008   0x00000008   Data   RW          575    .data               task_button.o
    0x10000010   0x00000014   Data   RW          609    .data               task_pc.o
    0x10000024   0x00000016   Data   RW          648    .data               task_ble.o
    0x1000003a   0x00000002   PAD
    0x1000003c   0x00000008   Data   RW          727    .data               task_charge.o
    0x10000044   0x00000014   Data   RW          755    .data               task_display.o
    0x10000058   0x00000008   Data   RW          869    .data               dev_dfu.o
    0x10000060   0x00000004   Data   RW         1069    .data               dev_bat.o
    0x10000064   0x00000010   Data   RW         1167    .data               drv_button.o
    0x10000074   0x00000004   Data   RW         1329    .data               drv_pc.o
    0x10000078   0x00000009   Data   RW         1378    .data               drv_ble.o
    0x10000081   0x00000003   PAD
    0x10000084   0x00000054   Data   RW         1448    .data               drv_rtc.o
    0x100000d8   0x00000001   Data   RW         1502    .data               drv_lcd.o
    0x100000d9   0x00000003   PAD
    0x100000dc   0x00000004   Data   RW         1651    .data               com_apollo2.o
    0x100000e0   0x0000003c   Data   RW         2398    .data               tasks.o
    0x1000011c   0x00000014   Data   RW         2688    .data               timers.o
    0x10000130   0x00000014   Data   RW         2809    .data               port.o
    0x10000144   0x00000018   Data   RW         2899    .data               heap_2.o
    0x1000015c   0x00000050   Data   RW         3402    .data               am_hal_flash.o
    0x100001ac   0x00000010   Data   RW         3803    .data               am_hal_iom.o
    0x100001bc   0x00000004   Data   RW         5013    .data               libam_hal.lib(am_hal_global.o)
    0x100001c0   0x0000000c   Zero   RW          646    .bss                task_ble.o
    0x100001cc   0x000038c4   Zero   RW          867    .bss                dev_dfu.o
    0x10003a90   0x00000034   Zero   RW         1025    .bss                dev_ble.o
    0x10003ac4   0x00000020   Zero   RW         1068    .bss                dev_bat.o
    0x10003ae4   0x0000206c   Zero   RW         1120    .bss                dev_dfu_ble.o
    0x10005b50   0x00000300   Zero   RW         1327    .bss                drv_pc.o
    0x10005e50   0x00000508   Zero   RW         1376    .bss                drv_ble.o
    0x10006358   0x0000002c   Zero   RW         1446    .bss                drv_rtc.o
    0x10006384   0x0000e100   Zero   RW         1501    .bss                drv_lcd.o
    0x10014484   0x00000100   Zero   RW         1650    .bss                com_apollo2.o
    0x10014584   0x00000020   Zero   RW         1725    .bss                lib_boot.o
    0x100145a4   0x000000f0   Zero   RW         2397    .bss                tasks.o
    0x10014694   0x00000028   Zero   RW         2687    .bss                timers.o
    0x100146bc   0x00008c00   Zero   RW         2898    .bss                heap_2.o
    0x1001d2bc   0x00000010   Zero   RW         2957    .bss                am_hal_adc.o
    0x1001d2cc   0x00000040   Zero   RW         3236    .bss                am_hal_ctimer.o
    0x1001d30c   0x00000100   Zero   RW         3585    .bss                am_hal_gpio.o
    0x1001d40c   0x00000180   Zero   RW         3801    .bss                am_hal_iom.o
    0x1001d58c   0x000000a8   Zero   RW         4579    .bss                am_hal_uart.o
    0x1001d634   0x00000060   Zero   RW         5260    .bss                c_w.l(libspace.o)
    0x1001d694   0x00000004   PAD
    0x1001d698   0x00000000   Zero   RW         2932    HEAP                startup_keil.o
    0x1001d698   0x00001000   Zero   RW         2931    STACK               startup_keil.o



  Load Region LR$$.ARM.__AT_0x000FA000 (Base: 0x000fa000, Size: 0x00000000, Max: 0x00002000, ABSOLUTE)

    Execution Region ER$$.ARM.__AT_0x000FA000 (Base: 0x000fa000, Size: 0x00002000, Max: 0x00002000, ABSOLUTE, UNINIT)

    Base Addr    Size         Type   Attr      Idx    E Section Name        Object

    0x000fa000   0x00002000   Zero   RW         1754    .ARM.__AT_0x000FA000  lib_boot_setting.o


==============================================================================

Image component sizes


      Code (inc. data)   RO Data    RW Data    ZI Data      Debug   Object Name

       152         10       1024          0          0       3907   am_bootloader.o
       320         78          0          0         16       6272   am_hal_adc.o
       140          8          0          0          0       3138   am_hal_clkgen.o
       800         68          0          0         64       9504   am_hal_ctimer.o
       104         22          0         80          0       7773   am_hal_flash.o
       244         34          0          0        256       4170   am_hal_gpio.o
       166         16          0          0          0       2478   am_hal_interrupt.o
      4012        256         39         16        384      31078   am_hal_iom.o
        64          8          0          0          0       2875   am_hal_mcuctrl.o
      1000         56          0          0          0       7287   am_hal_pwrctrl.o
       218          0          0          0          0       2992   am_hal_queue.o
         8          0          0          0          0        531   am_hal_reset.o
       420          0          0          0          0       4152   am_hal_rtc.o
       148         38          0          0          0       3110   am_hal_stimer.o
       148         16          0          0          0       1327   am_hal_sysctrl.o
      1164        106          0          0        168      17333   am_hal_uart.o
        60          6          0          0          0       1246   am_util_delay.o
       204          6          0          0          0       2448   am_util_faultisr.o
        84          6        256          0          0       1597   am_util_string.o
       210         12          0          0          0        972   am_util_time.o
       478         22          0          4        256       4501   com_apollo2.o
      1496         98          0          4         32       6101   dev_bat.o
        88          4          0          0         52       2152   dev_ble.o
      3396        322         40          8      14532      17901   dev_dfu.o
       984        130          0          0       8300       8252   dev_dfu_ble.o
       520          0          0          0          0       6098   dev_extflash.o
        30          0          0          0          0        555   dev_lcd.o
      1232        114         20          9       1288       8733   drv_ble.o
       488         90          0         16          0       6702   drv_button.o
      1232         24         12          0          0       8455   drv_extflash.o
       232        116          0          0          0       2620   drv_intflash.o
      4532        128          0          1      57600      17788   drv_lcd.o
       544         42         20          4        768       4905   drv_pc.o
       282         42        201         84         44       3659   drv_rtc.o
       510          6          0          0          0      14128   event_groups.o
         0          0       1532          0          0        715   font_char.o
         0          0        324          0          0        784   font_chinese.o
       252         34          4          0          0      16807   gui_back_door.o
       336         46          0          1          0       2776   gui_boot.o
       416        144          0          0          0       2039   gui_exception.o
       716         92          0          0          0       1774   gui_post_watch_info.o
       312         38          0         24      35840       4015   heap_2.o
       160          4          0          0         32       3280   lib_boot.o
       248          4          0          0       8192       6372   lib_boot_setting.o
        40          0          0          0          0       3960   lib_error.o
       148          0          0          0          0       3702   list.o
      1122         52          0          2          0      69998   main.o
      1168        126          0         20          0      14742   port.o
      1558         14          0          0          0      12162   queue.o
         4          0          0          0          0        552   rtt_syscalls_keil.o
         0          0          0          0          0       1472   segger_rtt_printf.o
       256        210          0          0       4096        964   startup_keil.o
       976        134          4         22         12       5139   task_ble.o
       420         98          0          8          0       2769   task_button.o
       336        102         44          8          0       3615   task_charge.o
       196         42          0         20          0       2123   task_display.o
       372        104          0         20          0       3971   task_pc.o
       144         90          0          0          0       2340   task_rtos.o
       296         78          0          4          0       4340   task_setup.o
      2854        444          0         60        240      33726   tasks.o
         6          0          0          0          0       1698   timer_exception.o
      1082        108          0         20         40      10515   timers.o

    ----------------------------------------------------------------------
     39168       3848       3556        444     132212     443090   Object Totals
         0          0         32          0          0          0   (incl. Generated)
        40          0          4          9          0          0   (incl. Padding)

    ----------------------------------------------------------------------

      Code (inc. data)   RO Data    RW Data    ZI Data      Debug   Library Member Name

        58          0          0          0          0          0   __dczerorl.o
         8          0          0          0          0         68   __main.o
       312          4         17          0          0         92   __printf_flags_wp.o
        14          0          0          0          0         68   __printf_wp.o
         0          0          0          0          0          0   __rtentry.o
        12          0          0          0          0          0   __rtentry2.o
         6          0          0          0          0          0   __rtentry4.o
        52          8          0          0          0          0   __scatter.o
        28          0          0          0          0          0   __scatter_zi.o
        48          6          0          0          0         96   _printf_char_common.o
         6          0          0          0          0          0   _printf_d.o
       120         16          0          0          0         92   _printf_dec.o
       178          0          0          0          0         88   _printf_intcommon.o
        78          0          0          0          0        108   _printf_pad.o
         0          0          0          0          0          0   _printf_percent.o
         4          0          0          0          0          0   _printf_percent_end.o
        22          0          0          0          0        100   _rserrno.o
        10          0          0          0          0         68   _sputc.o
        16          0          0          0          0         68   aeabi_memset.o
        12          0          0          0          0         72   exit.o
         6          0          0          0          0        152   heapauxi.o
         2          0          0          0          0          0   libinit.o
         6          0          0          0          0          0   libinit2.o
         2          0          0          0          0          0   libshutdown.o
         2          0          0          0          0          0   libshutdown2.o
         8          4          0          0         96         68   libspace.o
        38          0          0          0          0         68   llshl.o
        40          6          0          0          0         84   noretval__2sprintf.o
         8          4          0          0          0         68   rt_errno_addr_intlibspace.o
        68          0          0          0          0         68   rt_memclr.o
        78          0          0          0          0         80   rt_memclr_w.o
       138          0          0          0          0         68   rt_memcpy_v6.o
       100          0          0          0          0         80   rt_memcpy_w.o
         2          0          0          0          0          0   rtexit.o
        10          0          0          0          0          0   rtexit2.o
        62          0          0          0          0         76   strlen.o
        74          0          0          0          0         80   sys_stackheap_outer.o
         2          0          0          0          0         68   use_no_semi.o
         2          0          0          0          0         68   use_no_semi_2.o
        24          0          0          0          0        164   basic.o
        98          4          0          0          0        140   d2f.o
       826         16          0          0          0        492   daddsub_clz.o
        16          4          0          0          0        116   dcheck1.o
        24          0          0          0          0        116   dcmpi.o
       688        140          0          0          0        256   ddiv.o
        94          4          0          0          0        140   dfix.o
        90          4          0          0          0        140   dfixu.o
        84          0          0          0          0        232   dflt_clz.o
       120          4          0          0          0        140   dleqf.o
       340         12          0          0          0        152   dmul.o
       156          4          0          0          0        140   dnaninf.o
        12          0          0          0          0        116   dretinf.o
       108          0          0          0          0        128   drleqf.o
       408         56          0          0          0        168   dsqrt_umaal.o
        86          4          0          0          0        132   f2d.o
       140          4          0          0          0        132   fnaninf.o
        10          0          0          0          0        116   fpinit.o
        10          0          0          0          0        116   fretinf.o
       100          0          0          0          0        116   retnan.o
        92          0          0          0          0        116   scalbn.o
        48          0          0          0          0        116   trapv.o
         0          0          0          0          0          0   usenofp.o
         0          0          0          4          0          0   am_hal_global.o
       280         28          0          0          0        156   ceil.o
       200         20          0          0          0        164   cos.o
       368         46         48          0          0        200   cos_i.o
       184         44          0          0          0        744   dunder.o
        24          0          0          0          0        124   fabs.o
        48          0          0          0          0        124   fpclassify.o
       248          0          0          0          0        152   poly.o
      3128        302        136          0          0        356   pow.o
         0          0          8          0          0          0   qnan.o
      1080        142        200          0          0        188   rred.o
       200         20          0          0          0        164   sin.o
       304         24         40          0          0        208   sin_i.o
       110          0          0          0          0        148   sqrt.o

    ----------------------------------------------------------------------
     11400        930        456          4        100       8160   Library Totals
        20          0          7          0          4          0   (incl. Padding)

    ----------------------------------------------------------------------

      Code (inc. data)   RO Data    RW Data    ZI Data      Debug   Library Name

      1632         48         17          0         96       1948   c_w.l
      3574        256          0          0          0       3484   fz_wm.l
         0          0          0          4          0          0   libam_hal.lib
      6174        626        432          0          0       2728   m_wm.l

    ----------------------------------------------------------------------
     11400        930        456          4        100       8160   Library Totals

    ----------------------------------------------------------------------

==============================================================================


      Code (inc. data)   RO Data    RW Data    ZI Data      Debug   

     50568       4778       4012        448     132312     410510   Grand Totals
     50568       4778       4012        148     132312     410510   ELF Image Totals (compressed)
     50568       4778       4012        148          0          0   ROM Totals

==============================================================================

    Total RO  Size (Code + RO Data)                54580 (  53.30kB)
    Total RW  Size (RW Data + ZI Data)            132760 ( 129.65kB)
    Total ROM Size (Code + RO Data + RW Data)      54728 (  53.45kB)

==============================================================================

